2025-03-03 16:51:49,204 INFO: Serving on http://0.0.0.0:8080
2025-03-03 16:52:04,884 ERROR: Exception while serving /favicon.ico
Traceback (most recent call last):
  File "/Users/fholzi8/VSCode - Programme/WEG-App/venv/lib/python3.12/site-packages/flask/app.py", line 1484, in full_dispatch_request
    rv = self.dispatch_request()
         ^^^^^^^^^^^^^^^^^^^^^^^
  File "/Users/fholzi8/VSCode - Programme/WEG-App/venv/lib/python3.12/site-packages/flask/app.py", line 1458, in dispatch_request
    self.raise_routing_exception(req)
  File "/Users/fholzi8/VSCode - Programme/WEG-App/venv/lib/python3.12/site-packages/flask/app.py", line 1440, in raise_routing_exception
    raise request.routing_exception  # type: ignore
    ^^^^^^^^^^^^^^^^^^^^^^^^^^^^^^^
  File "/Users/fholzi8/VSCode - Programme/WEG-App/venv/lib/python3.12/site-packages/flask/ctx.py", line 353, in match_request
    result = self.url_adapter.match(return_rule=True)  # type: ignore
             ^^^^^^^^^^^^^^^^^^^^^^^^^^^^^^^^^^^^^^^^
  File "/Users/fholzi8/VSCode - Programme/WEG-App/venv/lib/python3.12/site-packages/werkzeug/routing/map.py", line 655, in match
    raise NotFound() from None
werkzeug.exceptions.NotFound: 404 Not Found: The requested URL was not found on the server. If you entered the URL manually please check your spelling and try again.

During handling of the above exception, another exception occurred:

Traceback (most recent call last):
  File "/Users/fholzi8/VSCode - Programme/WEG-App/venv/lib/python3.12/site-packages/flask/app.py", line 2190, in wsgi_app
    response = self.full_dispatch_request()
               ^^^^^^^^^^^^^^^^^^^^^^^^^^^^
  File "/Users/fholzi8/VSCode - Programme/WEG-App/venv/lib/python3.12/site-packages/flask/app.py", line 1486, in full_dispatch_request
    rv = self.handle_user_exception(e)
         ^^^^^^^^^^^^^^^^^^^^^^^^^^^^^
  File "/Users/fholzi8/VSCode - Programme/WEG-App/venv/lib/python3.12/site-packages/flask/app.py", line 1341, in handle_user_exception
    return self.handle_http_exception(e)
           ^^^^^^^^^^^^^^^^^^^^^^^^^^^^^
  File "/Users/fholzi8/VSCode - Programme/WEG-App/venv/lib/python3.12/site-packages/flask/app.py", line 1281, in handle_http_exception
    return self.ensure_sync(handler)(e)
           ^^^^^^^^^^^^^^^^^^^^^^^^^^^^
  File "/Users/fholzi8/VSCode - Programme/WEG-App/app.py", line 165, in not_found_error
    return render_template('errors/404.html'), 404
           ^^^^^^^^^^^^^^^^^^^^^^^^^^^^^^^^^^
  File "/Users/fholzi8/VSCode - Programme/WEG-App/venv/lib/python3.12/site-packages/flask/templating.py", line 151, in render_template
    return _render(app, template, context)
           ^^^^^^^^^^^^^^^^^^^^^^^^^^^^^^^
  File "/Users/fholzi8/VSCode - Programme/WEG-App/venv/lib/python3.12/site-packages/flask/templating.py", line 132, in _render
    rv = template.render(context)
         ^^^^^^^^^^^^^^^^^^^^^^^^
  File "/Users/fholzi8/VSCode - Programme/WEG-App/venv/lib/python3.12/site-packages/jinja2/environment.py", line 1301, in render
    self.environment.handle_exception()
  File "/Users/fholzi8/VSCode - Programme/WEG-App/venv/lib/python3.12/site-packages/jinja2/environment.py", line 936, in handle_exception
    raise rewrite_traceback_stack(source=source)
  File "/Users/fholzi8/VSCode - Programme/WEG-App/templates/errors/404.html", line 2, in top-level template code
    {% extends "layout.html" %}
    ^^^^^^^^^^^^^^^^^^^^^^^^^
  File "/Users/fholzi8/VSCode - Programme/WEG-App/templates/layout.html", line 36, in top-level template code
    <a class="nav-link {% if request.endpoint.startswith('dashboard') %}active{% endif %}"
    ^^^^^^^^^^^^^^^^^^^^^^^^^
  File "/Users/fholzi8/VSCode - Programme/WEG-App/venv/lib/python3.12/site-packages/jinja2/utils.py", line 83, in from_obj
    if hasattr(obj, "jinja_pass_arg"):
       ^^^^^^^^^^^^^^^^^^^^^^^^^^^^^^
jinja2.exceptions.UndefinedError: 'None' has no attribute 'startswith'

During handling of the above exception, another exception occurred:

Traceback (most recent call last):
  File "/Users/fholzi8/VSCode - Programme/WEG-App/venv/lib/python3.12/site-packages/waitress/channel.py", line 428, in service
    task.service()
  File "/Users/fholzi8/VSCode - Programme/WEG-App/venv/lib/python3.12/site-packages/waitress/task.py", line 168, in service
    self.execute()
  File "/Users/fholzi8/VSCode - Programme/WEG-App/venv/lib/python3.12/site-packages/waitress/task.py", line 434, in execute
    app_iter = self.channel.server.application(environ, start_response)
               ^^^^^^^^^^^^^^^^^^^^^^^^^^^^^^^^^^^^^^^^^^^^^^^^^^^^^^^^
  File "/Users/fholzi8/VSCode - Programme/WEG-App/venv/lib/python3.12/site-packages/flask/app.py", line 2213, in __call__
    return self.wsgi_app(environ, start_response)
           ^^^^^^^^^^^^^^^^^^^^^^^^^^^^^^^^^^^^^^
  File "/Users/fholzi8/VSCode - Programme/WEG-App/venv/lib/python3.12/site-packages/flask/app.py", line 2193, in wsgi_app
    response = self.handle_exception(e)
               ^^^^^^^^^^^^^^^^^^^^^^^^
  File "/Users/fholzi8/VSCode - Programme/WEG-App/venv/lib/python3.12/site-packages/flask/app.py", line 1399, in handle_exception
    server_error = self.ensure_sync(handler)(server_error)
                   ^^^^^^^^^^^^^^^^^^^^^^^^^^^^^^^^^^^^^^^
  File "/Users/fholzi8/VSCode - Programme/WEG-App/app.py", line 171, in internal_error
    return render_template('errors/500.html'), 500
           ^^^^^^^^^^^^^^^^^^^^^^^^^^^^^^^^^^
  File "/Users/fholzi8/VSCode - Programme/WEG-App/venv/lib/python3.12/site-packages/flask/templating.py", line 151, in render_template
    return _render(app, template, context)
           ^^^^^^^^^^^^^^^^^^^^^^^^^^^^^^^
  File "/Users/fholzi8/VSCode - Programme/WEG-App/venv/lib/python3.12/site-packages/flask/templating.py", line 132, in _render
    rv = template.render(context)
         ^^^^^^^^^^^^^^^^^^^^^^^^
  File "/Users/fholzi8/VSCode - Programme/WEG-App/venv/lib/python3.12/site-packages/jinja2/environment.py", line 1301, in render
    self.environment.handle_exception()
  File "/Users/fholzi8/VSCode - Programme/WEG-App/venv/lib/python3.12/site-packages/jinja2/environment.py", line 936, in handle_exception
    raise rewrite_traceback_stack(source=source)
  File "/Users/fholzi8/VSCode - Programme/WEG-App/templates/errors/500.html", line 2, in top-level template code
    {% extends "layout.html" %}
    ^^^^^^^^^^^^^^^^^^^^^^^^^
  File "/Users/fholzi8/VSCode - Programme/WEG-App/templates/layout.html", line 36, in top-level template code
    <a class="nav-link {% if request.endpoint.startswith('dashboard') %}active{% endif %}"
    ^^^^^^^^^^^^^^^^^^^^^^^^^
  File "/Users/fholzi8/VSCode - Programme/WEG-App/venv/lib/python3.12/site-packages/jinja2/utils.py", line 83, in from_obj
    if hasattr(obj, "jinja_pass_arg"):
       ^^^^^^^^^^^^^^^^^^^^^^^^^^^^^^
jinja2.exceptions.UndefinedError: 'None' has no attribute 'startswith'
2025-03-03 16:52:07,104 ERROR: Exception while serving /favicon.ico
Traceback (most recent call last):
  File "/Users/fholzi8/VSCode - Programme/WEG-App/venv/lib/python3.12/site-packages/flask/app.py", line 1484, in full_dispatch_request
    rv = self.dispatch_request()
         ^^^^^^^^^^^^^^^^^^^^^^^
  File "/Users/fholzi8/VSCode - Programme/WEG-App/venv/lib/python3.12/site-packages/flask/app.py", line 1458, in dispatch_request
    self.raise_routing_exception(req)
  File "/Users/fholzi8/VSCode - Programme/WEG-App/venv/lib/python3.12/site-packages/flask/app.py", line 1440, in raise_routing_exception
    raise request.routing_exception  # type: ignore
    ^^^^^^^^^^^^^^^^^^^^^^^^^^^^^^^
  File "/Users/fholzi8/VSCode - Programme/WEG-App/venv/lib/python3.12/site-packages/flask/ctx.py", line 353, in match_request
    result = self.url_adapter.match(return_rule=True)  # type: ignore
             ^^^^^^^^^^^^^^^^^^^^^^^^^^^^^^^^^^^^^^^^
  File "/Users/fholzi8/VSCode - Programme/WEG-App/venv/lib/python3.12/site-packages/werkzeug/routing/map.py", line 655, in match
    raise NotFound() from None
werkzeug.exceptions.NotFound: 404 Not Found: The requested URL was not found on the server. If you entered the URL manually please check your spelling and try again.

During handling of the above exception, another exception occurred:

Traceback (most recent call last):
  File "/Users/fholzi8/VSCode - Programme/WEG-App/venv/lib/python3.12/site-packages/flask/app.py", line 2190, in wsgi_app
    response = self.full_dispatch_request()
               ^^^^^^^^^^^^^^^^^^^^^^^^^^^^
  File "/Users/fholzi8/VSCode - Programme/WEG-App/venv/lib/python3.12/site-packages/flask/app.py", line 1486, in full_dispatch_request
    rv = self.handle_user_exception(e)
         ^^^^^^^^^^^^^^^^^^^^^^^^^^^^^
  File "/Users/fholzi8/VSCode - Programme/WEG-App/venv/lib/python3.12/site-packages/flask/app.py", line 1341, in handle_user_exception
    return self.handle_http_exception(e)
           ^^^^^^^^^^^^^^^^^^^^^^^^^^^^^
  File "/Users/fholzi8/VSCode - Programme/WEG-App/venv/lib/python3.12/site-packages/flask/app.py", line 1281, in handle_http_exception
    return self.ensure_sync(handler)(e)
           ^^^^^^^^^^^^^^^^^^^^^^^^^^^^
  File "/Users/fholzi8/VSCode - Programme/WEG-App/app.py", line 165, in not_found_error
    return render_template('errors/404.html'), 404
           ^^^^^^^^^^^^^^^^^^^^^^^^^^^^^^^^^^
  File "/Users/fholzi8/VSCode - Programme/WEG-App/venv/lib/python3.12/site-packages/flask/templating.py", line 151, in render_template
    return _render(app, template, context)
           ^^^^^^^^^^^^^^^^^^^^^^^^^^^^^^^
  File "/Users/fholzi8/VSCode - Programme/WEG-App/venv/lib/python3.12/site-packages/flask/templating.py", line 132, in _render
    rv = template.render(context)
         ^^^^^^^^^^^^^^^^^^^^^^^^
  File "/Users/fholzi8/VSCode - Programme/WEG-App/venv/lib/python3.12/site-packages/jinja2/environment.py", line 1301, in render
    self.environment.handle_exception()
  File "/Users/fholzi8/VSCode - Programme/WEG-App/venv/lib/python3.12/site-packages/jinja2/environment.py", line 936, in handle_exception
    raise rewrite_traceback_stack(source=source)
  File "/Users/fholzi8/VSCode - Programme/WEG-App/templates/errors/404.html", line 2, in top-level template code
    {% extends "layout.html" %}
    ^^^^^^^^^^^^^^^^^^^^^^^^^
  File "/Users/fholzi8/VSCode - Programme/WEG-App/templates/layout.html", line 36, in top-level template code
    <a class="nav-link {% if request.endpoint.startswith('dashboard') %}active{% endif %}"
    ^^^^^^^^^^^^^^^^^^^^^^^^^
  File "/Users/fholzi8/VSCode - Programme/WEG-App/venv/lib/python3.12/site-packages/jinja2/utils.py", line 83, in from_obj
    if hasattr(obj, "jinja_pass_arg"):
       ^^^^^^^^^^^^^^^^^^^^^^^^^^^^^^
jinja2.exceptions.UndefinedError: 'None' has no attribute 'startswith'

During handling of the above exception, another exception occurred:

Traceback (most recent call last):
  File "/Users/fholzi8/VSCode - Programme/WEG-App/venv/lib/python3.12/site-packages/waitress/channel.py", line 428, in service
    task.service()
  File "/Users/fholzi8/VSCode - Programme/WEG-App/venv/lib/python3.12/site-packages/waitress/task.py", line 168, in service
    self.execute()
  File "/Users/fholzi8/VSCode - Programme/WEG-App/venv/lib/python3.12/site-packages/waitress/task.py", line 434, in execute
    app_iter = self.channel.server.application(environ, start_response)
               ^^^^^^^^^^^^^^^^^^^^^^^^^^^^^^^^^^^^^^^^^^^^^^^^^^^^^^^^
  File "/Users/fholzi8/VSCode - Programme/WEG-App/venv/lib/python3.12/site-packages/flask/app.py", line 2213, in __call__
    return self.wsgi_app(environ, start_response)
           ^^^^^^^^^^^^^^^^^^^^^^^^^^^^^^^^^^^^^^
  File "/Users/fholzi8/VSCode - Programme/WEG-App/venv/lib/python3.12/site-packages/flask/app.py", line 2193, in wsgi_app
    response = self.handle_exception(e)
               ^^^^^^^^^^^^^^^^^^^^^^^^
  File "/Users/fholzi8/VSCode - Programme/WEG-App/venv/lib/python3.12/site-packages/flask/app.py", line 1399, in handle_exception
    server_error = self.ensure_sync(handler)(server_error)
                   ^^^^^^^^^^^^^^^^^^^^^^^^^^^^^^^^^^^^^^^
  File "/Users/fholzi8/VSCode - Programme/WEG-App/app.py", line 171, in internal_error
    return render_template('errors/500.html'), 500
           ^^^^^^^^^^^^^^^^^^^^^^^^^^^^^^^^^^
  File "/Users/fholzi8/VSCode - Programme/WEG-App/venv/lib/python3.12/site-packages/flask/templating.py", line 151, in render_template
    return _render(app, template, context)
           ^^^^^^^^^^^^^^^^^^^^^^^^^^^^^^^
  File "/Users/fholzi8/VSCode - Programme/WEG-App/venv/lib/python3.12/site-packages/flask/templating.py", line 132, in _render
    rv = template.render(context)
         ^^^^^^^^^^^^^^^^^^^^^^^^
  File "/Users/fholzi8/VSCode - Programme/WEG-App/venv/lib/python3.12/site-packages/jinja2/environment.py", line 1301, in render
    self.environment.handle_exception()
  File "/Users/fholzi8/VSCode - Programme/WEG-App/venv/lib/python3.12/site-packages/jinja2/environment.py", line 936, in handle_exception
    raise rewrite_traceback_stack(source=source)
  File "/Users/fholzi8/VSCode - Programme/WEG-App/templates/errors/500.html", line 2, in top-level template code
    {% extends "layout.html" %}
    ^^^^^^^^^^^^^^^^^^^^^^^^^
  File "/Users/fholzi8/VSCode - Programme/WEG-App/templates/layout.html", line 36, in top-level template code
    <a class="nav-link {% if request.endpoint.startswith('dashboard') %}active{% endif %}"
    ^^^^^^^^^^^^^^^^^^^^^^^^^
  File "/Users/fholzi8/VSCode - Programme/WEG-App/venv/lib/python3.12/site-packages/jinja2/utils.py", line 83, in from_obj
    if hasattr(obj, "jinja_pass_arg"):
       ^^^^^^^^^^^^^^^^^^^^^^^^^^^^^^
jinja2.exceptions.UndefinedError: 'None' has no attribute 'startswith'
2025-03-03 17:02:16,072 INFO: Serving on http://0.0.0.0:8080
2025-03-04 11:49:26,162 INFO: Serving on http://0.0.0.0:8080
2025-03-04 12:31:14,355 INFO: Serving on http://0.0.0.0:8080
2025-03-04 12:31:18,664 ERROR: Exception while serving /dashboard
Traceback (most recent call last):
  File "/Users/fholzi8/VSCode - Programme/WEG-App/venv/lib/python3.12/site-packages/sqlalchemy/engine/base.py", line 1965, in _exec_single_context
    self.dialect.do_execute(
  File "/Users/fholzi8/VSCode - Programme/WEG-App/venv/lib/python3.12/site-packages/sqlalchemy/engine/default.py", line 921, in do_execute
    cursor.execute(statement, parameters)
sqlite3.OperationalError: no such column: user.email

The above exception was the direct cause of the following exception:

Traceback (most recent call last):
  File "/Users/fholzi8/VSCode - Programme/WEG-App/venv/lib/python3.12/site-packages/flask/app.py", line 2190, in wsgi_app
    response = self.full_dispatch_request()
               ^^^^^^^^^^^^^^^^^^^^^^^^^^^^
  File "/Users/fholzi8/VSCode - Programme/WEG-App/venv/lib/python3.12/site-packages/flask/app.py", line 1486, in full_dispatch_request
    rv = self.handle_user_exception(e)
         ^^^^^^^^^^^^^^^^^^^^^^^^^^^^^
  File "/Users/fholzi8/VSCode - Programme/WEG-App/venv/lib/python3.12/site-packages/flask/app.py", line 1484, in full_dispatch_request
    rv = self.dispatch_request()
         ^^^^^^^^^^^^^^^^^^^^^^^
  File "/Users/fholzi8/VSCode - Programme/WEG-App/venv/lib/python3.12/site-packages/flask/app.py", line 1469, in dispatch_request
    return self.ensure_sync(self.view_functions[rule.endpoint])(**view_args)
           ^^^^^^^^^^^^^^^^^^^^^^^^^^^^^^^^^^^^^^^^^^^^^^^^^^^^^^^^^^^^^^^^^
  File "/Users/fholzi8/VSCode - Programme/WEG-App/venv/lib/python3.12/site-packages/flask_login/utils.py", line 284, in decorated_view
    elif not current_user.is_authenticated:
             ^^^^^^^^^^^^^^^^^^^^^^^^^^^^^
  File "/Users/fholzi8/VSCode - Programme/WEG-App/venv/lib/python3.12/site-packages/werkzeug/local.py", line 311, in __get__
    obj = instance._get_current_object()
          ^^^^^^^^^^^^^^^^^^^^^^^^^^^^^^
  File "/Users/fholzi8/VSCode - Programme/WEG-App/venv/lib/python3.12/site-packages/werkzeug/local.py", line 515, in _get_current_object
    return get_name(local())
                    ^^^^^^^
  File "/Users/fholzi8/VSCode - Programme/WEG-App/venv/lib/python3.12/site-packages/flask_login/utils.py", line 25, in <lambda>
    current_user = LocalProxy(lambda: _get_user())
                                      ^^^^^^^^^^^
  File "/Users/fholzi8/VSCode - Programme/WEG-App/venv/lib/python3.12/site-packages/flask_login/utils.py", line 372, in _get_user
    current_app.login_manager._load_user()
  File "/Users/fholzi8/VSCode - Programme/WEG-App/venv/lib/python3.12/site-packages/flask_login/login_manager.py", line 364, in _load_user
    user = self._user_callback(user_id)
           ^^^^^^^^^^^^^^^^^^^^^^^^^^^^
  File "/Users/fholzi8/VSCode - Programme/WEG-App/app.py", line 74, in load_user
    return db.session.get(User, int(user_id))
           ^^^^^^^^^^^^^^^^^^^^^^^^^^^^^^^^^^
  File "/Users/fholzi8/VSCode - Programme/WEG-App/venv/lib/python3.12/site-packages/sqlalchemy/orm/scoping.py", line 1020, in get
    return self._proxied.get(
           ^^^^^^^^^^^^^^^^^^
  File "/Users/fholzi8/VSCode - Programme/WEG-App/venv/lib/python3.12/site-packages/sqlalchemy/orm/session.py", line 3571, in get
    return self._get_impl(
           ^^^^^^^^^^^^^^^
  File "/Users/fholzi8/VSCode - Programme/WEG-App/venv/lib/python3.12/site-packages/sqlalchemy/orm/session.py", line 3700, in _get_impl
    return db_load_fn(
           ^^^^^^^^^^^
  File "/Users/fholzi8/VSCode - Programme/WEG-App/venv/lib/python3.12/site-packages/sqlalchemy/orm/loading.py", line 666, in load_on_pk_identity
    session.execute(
  File "/Users/fholzi8/VSCode - Programme/WEG-App/venv/lib/python3.12/site-packages/sqlalchemy/orm/session.py", line 2262, in execute
    return self._execute_internal(
           ^^^^^^^^^^^^^^^^^^^^^^^
  File "/Users/fholzi8/VSCode - Programme/WEG-App/venv/lib/python3.12/site-packages/sqlalchemy/orm/session.py", line 2144, in _execute_internal
    result: Result[Any] = compile_state_cls.orm_execute_statement(
                          ^^^^^^^^^^^^^^^^^^^^^^^^^^^^^^^^^^^^^^^^
  File "/Users/fholzi8/VSCode - Programme/WEG-App/venv/lib/python3.12/site-packages/sqlalchemy/orm/context.py", line 293, in orm_execute_statement
    result = conn.execute(
             ^^^^^^^^^^^^^
  File "/Users/fholzi8/VSCode - Programme/WEG-App/venv/lib/python3.12/site-packages/sqlalchemy/engine/base.py", line 1412, in execute
    return meth(
           ^^^^^
  File "/Users/fholzi8/VSCode - Programme/WEG-App/venv/lib/python3.12/site-packages/sqlalchemy/sql/elements.py", line 515, in _execute_on_connection
    return connection._execute_clauseelement(
           ^^^^^^^^^^^^^^^^^^^^^^^^^^^^^^^^^^
  File "/Users/fholzi8/VSCode - Programme/WEG-App/venv/lib/python3.12/site-packages/sqlalchemy/engine/base.py", line 1635, in _execute_clauseelement
    ret = self._execute_context(
          ^^^^^^^^^^^^^^^^^^^^^^
  File "/Users/fholzi8/VSCode - Programme/WEG-App/venv/lib/python3.12/site-packages/sqlalchemy/engine/base.py", line 1844, in _execute_context
    return self._exec_single_context(
           ^^^^^^^^^^^^^^^^^^^^^^^^^^
  File "/Users/fholzi8/VSCode - Programme/WEG-App/venv/lib/python3.12/site-packages/sqlalchemy/engine/base.py", line 1984, in _exec_single_context
    self._handle_dbapi_exception(
  File "/Users/fholzi8/VSCode - Programme/WEG-App/venv/lib/python3.12/site-packages/sqlalchemy/engine/base.py", line 2339, in _handle_dbapi_exception
    raise sqlalchemy_exception.with_traceback(exc_info[2]) from e
  File "/Users/fholzi8/VSCode - Programme/WEG-App/venv/lib/python3.12/site-packages/sqlalchemy/engine/base.py", line 1965, in _exec_single_context
    self.dialect.do_execute(
  File "/Users/fholzi8/VSCode - Programme/WEG-App/venv/lib/python3.12/site-packages/sqlalchemy/engine/default.py", line 921, in do_execute
    cursor.execute(statement, parameters)
sqlalchemy.exc.OperationalError: (sqlite3.OperationalError) no such column: user.email
[SQL: SELECT user.id AS user_id, user.username AS user_username, user.password_hash AS user_password_hash, user.is_admin AS user_is_admin, user.email AS user_email, user.email_verified AS user_email_verified, user.notify_transaction_changes AS user_notify_transaction_changes, user.notify_wirtschaftsplan_changes AS user_notify_wirtschaftsplan_changes, user.notify_user_changes AS user_notify_user_changes 
FROM user 
WHERE user.id = ?]
[parameters: (1,)]
(Background on this error at: https://sqlalche.me/e/20/e3q8)

During handling of the above exception, another exception occurred:

Traceback (most recent call last):
  File "/Users/fholzi8/VSCode - Programme/WEG-App/venv/lib/python3.12/site-packages/sqlalchemy/engine/base.py", line 1965, in _exec_single_context
    self.dialect.do_execute(
  File "/Users/fholzi8/VSCode - Programme/WEG-App/venv/lib/python3.12/site-packages/sqlalchemy/engine/default.py", line 921, in do_execute
    cursor.execute(statement, parameters)
sqlite3.OperationalError: no such column: user.email

The above exception was the direct cause of the following exception:

Traceback (most recent call last):
  File "/Users/fholzi8/VSCode - Programme/WEG-App/venv/lib/python3.12/site-packages/waitress/channel.py", line 428, in service
    task.service()
  File "/Users/fholzi8/VSCode - Programme/WEG-App/venv/lib/python3.12/site-packages/waitress/task.py", line 168, in service
    self.execute()
  File "/Users/fholzi8/VSCode - Programme/WEG-App/venv/lib/python3.12/site-packages/waitress/task.py", line 434, in execute
    app_iter = self.channel.server.application(environ, start_response)
               ^^^^^^^^^^^^^^^^^^^^^^^^^^^^^^^^^^^^^^^^^^^^^^^^^^^^^^^^
  File "/Users/fholzi8/VSCode - Programme/WEG-App/venv/lib/python3.12/site-packages/flask/app.py", line 2213, in __call__
    return self.wsgi_app(environ, start_response)
           ^^^^^^^^^^^^^^^^^^^^^^^^^^^^^^^^^^^^^^
  File "/Users/fholzi8/VSCode - Programme/WEG-App/venv/lib/python3.12/site-packages/flask/app.py", line 2193, in wsgi_app
    response = self.handle_exception(e)
               ^^^^^^^^^^^^^^^^^^^^^^^^
  File "/Users/fholzi8/VSCode - Programme/WEG-App/venv/lib/python3.12/site-packages/flask/app.py", line 1399, in handle_exception
    server_error = self.ensure_sync(handler)(server_error)
                   ^^^^^^^^^^^^^^^^^^^^^^^^^^^^^^^^^^^^^^^
  File "/Users/fholzi8/VSCode - Programme/WEG-App/app.py", line 173, in internal_error
    return render_template('errors/500.html'), 500
           ^^^^^^^^^^^^^^^^^^^^^^^^^^^^^^^^^^
  File "/Users/fholzi8/VSCode - Programme/WEG-App/venv/lib/python3.12/site-packages/flask/templating.py", line 151, in render_template
    return _render(app, template, context)
           ^^^^^^^^^^^^^^^^^^^^^^^^^^^^^^^
  File "/Users/fholzi8/VSCode - Programme/WEG-App/venv/lib/python3.12/site-packages/flask/templating.py", line 128, in _render
    app.update_template_context(context)
  File "/Users/fholzi8/VSCode - Programme/WEG-App/venv/lib/python3.12/site-packages/flask/app.py", line 737, in update_template_context
    context.update(func())
                   ^^^^^^
  File "/Users/fholzi8/VSCode - Programme/WEG-App/venv/lib/python3.12/site-packages/flask_login/utils.py", line 407, in _user_context_processor
    return dict(current_user=_get_user())
                             ^^^^^^^^^^^
  File "/Users/fholzi8/VSCode - Programme/WEG-App/venv/lib/python3.12/site-packages/flask_login/utils.py", line 372, in _get_user
    current_app.login_manager._load_user()
  File "/Users/fholzi8/VSCode - Programme/WEG-App/venv/lib/python3.12/site-packages/flask_login/login_manager.py", line 364, in _load_user
    user = self._user_callback(user_id)
           ^^^^^^^^^^^^^^^^^^^^^^^^^^^^
  File "/Users/fholzi8/VSCode - Programme/WEG-App/app.py", line 74, in load_user
    return db.session.get(User, int(user_id))
           ^^^^^^^^^^^^^^^^^^^^^^^^^^^^^^^^^^
  File "/Users/fholzi8/VSCode - Programme/WEG-App/venv/lib/python3.12/site-packages/sqlalchemy/orm/scoping.py", line 1020, in get
    return self._proxied.get(
           ^^^^^^^^^^^^^^^^^^
  File "/Users/fholzi8/VSCode - Programme/WEG-App/venv/lib/python3.12/site-packages/sqlalchemy/orm/session.py", line 3571, in get
    return self._get_impl(
           ^^^^^^^^^^^^^^^
  File "/Users/fholzi8/VSCode - Programme/WEG-App/venv/lib/python3.12/site-packages/sqlalchemy/orm/session.py", line 3700, in _get_impl
    return db_load_fn(
           ^^^^^^^^^^^
  File "/Users/fholzi8/VSCode - Programme/WEG-App/venv/lib/python3.12/site-packages/sqlalchemy/orm/loading.py", line 666, in load_on_pk_identity
    session.execute(
  File "/Users/fholzi8/VSCode - Programme/WEG-App/venv/lib/python3.12/site-packages/sqlalchemy/orm/session.py", line 2262, in execute
    return self._execute_internal(
           ^^^^^^^^^^^^^^^^^^^^^^^
  File "/Users/fholzi8/VSCode - Programme/WEG-App/venv/lib/python3.12/site-packages/sqlalchemy/orm/session.py", line 2144, in _execute_internal
    result: Result[Any] = compile_state_cls.orm_execute_statement(
                          ^^^^^^^^^^^^^^^^^^^^^^^^^^^^^^^^^^^^^^^^
  File "/Users/fholzi8/VSCode - Programme/WEG-App/venv/lib/python3.12/site-packages/sqlalchemy/orm/context.py", line 293, in orm_execute_statement
    result = conn.execute(
             ^^^^^^^^^^^^^
  File "/Users/fholzi8/VSCode - Programme/WEG-App/venv/lib/python3.12/site-packages/sqlalchemy/engine/base.py", line 1412, in execute
    return meth(
           ^^^^^
  File "/Users/fholzi8/VSCode - Programme/WEG-App/venv/lib/python3.12/site-packages/sqlalchemy/sql/elements.py", line 515, in _execute_on_connection
    return connection._execute_clauseelement(
           ^^^^^^^^^^^^^^^^^^^^^^^^^^^^^^^^^^
  File "/Users/fholzi8/VSCode - Programme/WEG-App/venv/lib/python3.12/site-packages/sqlalchemy/engine/base.py", line 1635, in _execute_clauseelement
    ret = self._execute_context(
          ^^^^^^^^^^^^^^^^^^^^^^
  File "/Users/fholzi8/VSCode - Programme/WEG-App/venv/lib/python3.12/site-packages/sqlalchemy/engine/base.py", line 1844, in _execute_context
    return self._exec_single_context(
           ^^^^^^^^^^^^^^^^^^^^^^^^^^
  File "/Users/fholzi8/VSCode - Programme/WEG-App/venv/lib/python3.12/site-packages/sqlalchemy/engine/base.py", line 1984, in _exec_single_context
    self._handle_dbapi_exception(
  File "/Users/fholzi8/VSCode - Programme/WEG-App/venv/lib/python3.12/site-packages/sqlalchemy/engine/base.py", line 2339, in _handle_dbapi_exception
    raise sqlalchemy_exception.with_traceback(exc_info[2]) from e
  File "/Users/fholzi8/VSCode - Programme/WEG-App/venv/lib/python3.12/site-packages/sqlalchemy/engine/base.py", line 1965, in _exec_single_context
    self.dialect.do_execute(
  File "/Users/fholzi8/VSCode - Programme/WEG-App/venv/lib/python3.12/site-packages/sqlalchemy/engine/default.py", line 921, in do_execute
    cursor.execute(statement, parameters)
sqlalchemy.exc.OperationalError: (sqlite3.OperationalError) no such column: user.email
[SQL: SELECT user.id AS user_id, user.username AS user_username, user.password_hash AS user_password_hash, user.is_admin AS user_is_admin, user.email AS user_email, user.email_verified AS user_email_verified, user.notify_transaction_changes AS user_notify_transaction_changes, user.notify_wirtschaftsplan_changes AS user_notify_wirtschaftsplan_changes, user.notify_user_changes AS user_notify_user_changes 
FROM user 
WHERE user.id = ?]
[parameters: (1,)]
(Background on this error at: https://sqlalche.me/e/20/e3q8)
2025-03-04 12:34:49,750 INFO: Serving on http://0.0.0.0:8080
2025-03-04 12:44:59,277 INFO: Serving on http://0.0.0.0:8080
2025-03-04 12:55:13,721 INFO: Serving on http://0.0.0.0:8080
2025-03-04 13:14:18,446 INFO: Serving on http://0.0.0.0:8080
2025-03-04 13:27:36,248 INFO: Serving on http://0.0.0.0:8080
2025-03-05 15:14:32,689 INFO: Serving on http://0.0.0.0:8080
2025-03-05 15:37:28,333 INFO: Serving on http://0.0.0.0:8080
2025-03-05 15:46:26,819 INFO: Serving on http://0.0.0.0:8080
2025-03-05 15:47:46,203 INFO: Serving on http://0.0.0.0:8080
