2025-03-02 22:29:15,485 INFO: WEG-App startup - 2025-03-02 22:29:15 [in /Users/fholzi8/VSCode - Programme/WEG-App/app.py:72]
2025-03-02 22:29:16,032 INFO: WEG-App startup - 2025-03-02 22:29:16 [in /Users/fholzi8/VSCode - Programme/WEG-App/app.py:72]
2025-03-02 22:29:24,071 ERROR: 404 Fehler: /robots.txt [in /Users/fholzi8/VSCode - Programme/WEG-App/app.py:77]
2025-03-02 22:29:33,988 ERROR: 404 Fehler: /robots.txt [in /Users/fholzi8/VSCode - Programme/WEG-App/app.py:77]
2025-03-02 22:29:33,997 ERROR: 404 Fehler: /robots.txt [in /Users/fholzi8/VSCode - Programme/WEG-App/app.py:77]
2025-03-02 22:30:28,516 INFO: WEG-App startup - 2025-03-02 22:30:28 [in /Users/fholzi8/VSCode - Programme/WEG-App/app.py:72]
2025-03-02 22:32:59,094 ERROR: 404 Fehler: /robots.txt [in /Users/fholzi8/VSCode - Programme/WEG-App/app.py:78]
2025-03-02 22:35:21,583 ERROR: 404 Fehler: /robots.txt [in /Users/fholzi8/VSCode - Programme/WEG-App/app.py:79]
2025-03-02 22:35:26,437 ERROR: 404 Fehler: /robots.txt [in /Users/fholzi8/VSCode - Programme/WEG-App/app.py:79]
2025-03-02 22:35:27,222 ERROR: 404 Fehler: /robots.txt [in /Users/fholzi8/VSCode - Programme/WEG-App/app.py:79]
2025-03-02 22:35:27,854 ERROR: 404 Fehler: /robots.txt [in /Users/fholzi8/VSCode - Programme/WEG-App/app.py:79]
2025-03-02 22:35:28,542 ERROR: 404 Fehler: /robots.txt [in /Users/fholzi8/VSCode - Programme/WEG-App/app.py:79]
2025-03-02 22:37:46,359 INFO: WEG-App startup - 2025-03-02 22:37:46.359694 [in /Users/fholzi8/VSCode - Programme/WEG-App/app.py:73]
2025-03-02 22:37:53,961 ERROR: 404 Fehler: /robots.txt [in /Users/fholzi8/VSCode - Programme/WEG-App/app.py:80]
2025-03-02 22:37:55,224 ERROR: 404 Fehler: /robots.txt [in /Users/fholzi8/VSCode - Programme/WEG-App/app.py:80]
2025-03-02 22:37:56,285 ERROR: 404 Fehler: /robots.txt [in /Users/fholzi8/VSCode - Programme/WEG-App/app.py:80]
2025-03-02 22:44:50,882 INFO: WEG-App startup - 2025-03-02 22:44:50.882760 [in /Users/fholzi8/VSCode - Programme/WEG-App/app.py:73]
2025-03-02 22:44:57,888 ERROR: 404 Fehler: /robots.txt [in /Users/fholzi8/VSCode - Programme/WEG-App/app.py:80]
2025-03-02 22:51:16,450 INFO: WEG-App startup - 2025-03-02 22:51:16.450420 [in /Users/fholzi8/VSCode - Programme/WEG-App/app.py:73]
2025-03-02 22:51:27,252 INFO: WEG-App startup - 2025-03-02 22:51:27.252831 [in /Users/fholzi8/VSCode - Programme/WEG-App/app.py:73]
2025-03-03 08:03:16,371 INFO: WEG-App startup - 2025-03-03 08:03:16.371550 [in /Users/fholzi8/VSCode - Programme/WEG-App/app.py:73]
2025-03-03 08:04:50,234 INFO: WEG-App startup - 2025-03-03 08:04:50.234858 [in /Users/fholzi8/VSCode - Programme/WEG-App/app.py:73]
2025-03-03 08:08:06,657 INFO: WEG-App startup - 2025-03-03 08:08:06.657749 [in /Users/fholzi8/VSCode - Programme/WEG-App/app.py:73]
2025-03-03 08:09:03,041 INFO: WEG-App startup - 2025-03-03 08:09:03.041205 [in /Users/fholzi8/VSCode - Programme/WEG-App/app.py:73]
2025-03-03 08:09:37,121 INFO: WEG-App startup - 2025-03-03 08:09:37.121181 [in /Users/fholzi8/VSCode - Programme/WEG-App/app.py:73]
2025-03-03 08:30:48,918 INFO: WEG-App startup - 2025-03-03 08:30:48.918652 [in /Users/fholzi8/VSCode - Programme/WEG-App/app.py:74]
2025-03-03 08:30:49,483 INFO: WEG-App startup - 2025-03-03 08:30:49.483751 [in /Users/fholzi8/VSCode - Programme/WEG-App/app.py:74]
2025-03-03 08:33:34,725 INFO: WEG-App startup - 2025-03-03 08:33:34.725672 [in /Users/fholzi8/VSCode - Programme/WEG-App/app.py:74]
2025-03-03 08:33:35,259 INFO: WEG-App startup - 2025-03-03 08:33:35.259162 [in /Users/fholzi8/VSCode - Programme/WEG-App/app.py:74]
2025-03-03 10:13:56,113 INFO: WEG-App startup - 2025-03-03 10:13:56.113936 [in /Users/fholzi8/VSCode - Programme/WEG-App/app.py:74]
2025-03-03 10:13:56,664 INFO: WEG-App startup - 2025-03-03 10:13:56.664012 [in /Users/fholzi8/VSCode - Programme/WEG-App/app.py:74]
2025-03-03 10:46:35,428 INFO: WEG-App startup - 2025-03-03 10:46:35.428593 [in /Users/fholzi8/VSCode - Programme/WEG-App/app.py:74]
2025-03-03 10:46:36,107 INFO: WEG-App startup - 2025-03-03 10:46:36.107923 [in /Users/fholzi8/VSCode - Programme/WEG-App/app.py:74]
2025-03-03 10:47:35,957 INFO: WEG-App startup - 2025-03-03 10:47:35.957591 [in /Users/fholzi8/VSCode - Programme/WEG-App/app.py:74]
2025-03-03 10:49:10,057 INFO: WEG-App startup - 2025-03-03 10:49:10.057229 [in /Users/fholzi8/VSCode - Programme/WEG-App/app.py:74]
2025-03-03 10:50:27,996 INFO: WEG-App startup - 2025-03-03 10:50:27.996469 [in /Users/fholzi8/VSCode - Programme/WEG-App/app.py:74]
2025-03-03 10:51:53,639 INFO: WEG-App startup - 2025-03-03 10:51:53.639133 [in /Users/fholzi8/VSCode - Programme/WEG-App/app.py:74]
2025-03-03 10:53:46,980 INFO: WEG-App startup - 2025-03-03 10:53:46.980959 [in /Users/fholzi8/VSCode - Programme/WEG-App/app.py:78]
2025-03-03 10:53:47,536 INFO: WEG-App startup - 2025-03-03 10:53:47.536745 [in /Users/fholzi8/VSCode - Programme/WEG-App/app.py:78]
2025-03-03 11:06:21,826 INFO: WEG-App startup - 2025-03-03 11:06:21.826754 [in /Users/fholzi8/VSCode - Programme/WEG-App/app.py:78]
2025-03-03 11:07:49,388 INFO: WEG-App startup - 2025-03-03 11:07:49.388048 [in /Users/fholzi8/VSCode - Programme/WEG-App/app.py:78]
2025-03-03 11:09:11,001 INFO: WEG-App startup - 2025-03-03 11:09:11.001022 [in /Users/fholzi8/VSCode - Programme/WEG-App/app.py:78]
2025-03-03 11:11:06,942 INFO: WEG-App startup - 2025-03-03 11:11:06.942340 [in /Users/fholzi8/VSCode - Programme/WEG-App/app.py:78]
2025-03-03 11:11:07,481 INFO: WEG-App startup - 2025-03-03 11:11:07.481214 [in /Users/fholzi8/VSCode - Programme/WEG-App/app.py:78]
2025-03-03 11:12:37,661 INFO: WEG-App startup - 2025-03-03 11:12:37.661320 [in /Users/fholzi8/VSCode - Programme/WEG-App/app.py:78]
2025-03-03 11:36:07,303 INFO: WEG-App startup - 2025-03-03 11:36:07.303841 [in /Users/fholzi8/VSCode - Programme/WEG-App/app.py:78]
2025-03-03 11:36:07,926 INFO: WEG-App startup - 2025-03-03 11:36:07.926674 [in /Users/fholzi8/VSCode - Programme/WEG-App/app.py:78]
2025-03-03 11:41:57,828 INFO: WEG-App startup - 2025-03-03 11:41:57.828213 [in /Users/fholzi8/VSCode - Programme/WEG-App/app.py:78]
2025-03-03 11:45:08,978 INFO: WEG-App startup - 2025-03-03 11:45:08.978098 [in /Users/fholzi8/VSCode - Programme/WEG-App/app.py:78]
2025-03-03 11:47:01,158 INFO: WEG-App startup - 2025-03-03 11:47:01.158135 [in /Users/fholzi8/VSCode - Programme/WEG-App/app.py:78]
2025-03-03 11:59:41,636 INFO: WEG-App startup - 2025-03-03 11:59:41.636932 [in /Users/fholzi8/VSCode - Programme/WEG-App/app.py:78]
2025-03-03 14:45:40,883 INFO: WEG-App startup - 2025-03-03 14:45:40.883229 [in /Users/fholzi8/VSCode - Programme/WEG-App/app.py:78]
2025-03-03 14:47:09,644 INFO: WEG-App startup - 2025-03-03 14:47:09.644221 [in /Users/fholzi8/VSCode - Programme/WEG-App/app.py:78]
2025-03-03 14:48:11,943 INFO: WEG-App startup - 2025-03-03 14:48:11.943330 [in /Users/fholzi8/VSCode - Programme/WEG-App/app.py:78]
2025-03-03 14:52:44,965 INFO: WEG-App startup - 2025-03-03 14:52:44.965804 [in /Users/fholzi8/VSCode - Programme/WEG-App/app.py:78]
2025-03-03 14:52:45,535 INFO: WEG-App startup - 2025-03-03 14:52:45.535885 [in /Users/fholzi8/VSCode - Programme/WEG-App/app.py:78]
2025-03-03 14:54:39,804 INFO: WEG-App startup - 2025-03-03 14:54:39.804164 [in /Users/fholzi8/VSCode - Programme/WEG-App/app.py:78]
2025-03-03 15:02:28,175 INFO: WEG-App startup - 2025-03-03 15:02:28.175925 [in /Users/fholzi8/VSCode - Programme/WEG-App/app.py:78]
2025-03-03 15:12:07,882 INFO: WEG-App startup - 2025-03-03 15:12:07.882401 [in /Users/fholzi8/VSCode - Programme/WEG-App/app.py:78]
2025-03-03 15:15:44,030 INFO: WEG-App startup - 2025-03-03 15:15:44.030012 [in /Users/fholzi8/VSCode - Programme/WEG-App/app.py:78]
2025-03-03 15:15:44,609 INFO: WEG-App startup - 2025-03-03 15:15:44.609308 [in /Users/fholzi8/VSCode - Programme/WEG-App/app.py:78]
2025-03-03 16:05:17,975 INFO: WEG-App startup - 2025-03-03 16:05:17.975835 [in /Users/fholzi8/VSCode - Programme/WEG-App/app.py:78]
2025-03-03 16:26:26,286 INFO: WEG-App startup - 2025-03-03 16:26:26.286230 [in /Users/fholzi8/VSCode - Programme/WEG-App/app.py:159]
2025-03-03 16:26:26,778 INFO: WEG-App startup - 2025-03-03 16:26:26.778760 [in /Users/fholzi8/VSCode - Programme/WEG-App/app.py:159]
2025-03-03 16:30:02,757 INFO: WEG-App startup - 2025-03-03 16:30:02.757470 [in /Users/fholzi8/VSCode - Programme/WEG-App/app.py:159]
2025-03-03 16:30:03,241 INFO: WEG-App startup - 2025-03-03 16:30:03.241960 [in /Users/fholzi8/VSCode - Programme/WEG-App/app.py:159]
2025-03-03 16:42:11,658 INFO: WEG-App startup - 2025-03-03 16:42:11.658057 [in /Users/fholzi8/VSCode - Programme/WEG-App/app.py:159]
2025-03-03 16:42:21,444 INFO: WEG-App startup - 2025-03-03 16:42:21.444970 [in /Users/fholzi8/VSCode - Programme/WEG-App/app.py:159]
2025-03-03 16:43:22,561 INFO: WEG-App startup - 2025-03-03 16:43:22.561750 [in /Users/fholzi8/VSCode - Programme/WEG-App/app.py:159]
2025-03-03 16:43:51,348 ERROR: 404 Fehler: /favicon.ico [in /Users/fholzi8/VSCode - Programme/WEG-App/app.py:164]
2025-03-03 16:44:25,777 INFO: WEG-App startup - 2025-03-03 16:44:25.777118 [in /Users/fholzi8/VSCode - Programme/WEG-App/app.py:159]
2025-03-03 16:44:46,389 INFO: WEG-App startup - 2025-03-03 16:44:46.389326 [in /Users/fholzi8/VSCode - Programme/WEG-App/app.py:159]
2025-03-03 16:44:46,862 INFO: WEG-App startup - 2025-03-03 16:44:46.862977 [in /Users/fholzi8/VSCode - Programme/WEG-App/app.py:159]
2025-03-03 16:49:51,701 INFO: WEG-App startup - 2025-03-03 16:49:51.701867 [in /Users/fholzi8/VSCode - Programme/WEG-App/app.py:159]
2025-03-03 16:51:49,178 INFO: WEG-App startup - 2025-03-03 16:51:49.178737 [in /Users/fholzi8/VSCode - Programme/WEG-App/app.py:159]
2025-03-03 16:52:04,873 ERROR: 404 Fehler: /favicon.ico [in /Users/fholzi8/VSCode - Programme/WEG-App/app.py:164]
2025-03-03 16:52:04,875 ERROR: Exception on /favicon.ico [GET] [in /Users/fholzi8/VSCode - Programme/WEG-App/venv/lib/python3.12/site-packages/flask/app.py:1414]
Traceback (most recent call last):
  File "/Users/fholzi8/VSCode - Programme/WEG-App/venv/lib/python3.12/site-packages/flask/app.py", line 1484, in full_dispatch_request
    rv = self.dispatch_request()
         ^^^^^^^^^^^^^^^^^^^^^^^
  File "/Users/fholzi8/VSCode - Programme/WEG-App/venv/lib/python3.12/site-packages/flask/app.py", line 1458, in dispatch_request
    self.raise_routing_exception(req)
  File "/Users/fholzi8/VSCode - Programme/WEG-App/venv/lib/python3.12/site-packages/flask/app.py", line 1440, in raise_routing_exception
    raise request.routing_exception  # type: ignore
    ^^^^^^^^^^^^^^^^^^^^^^^^^^^^^^^
  File "/Users/fholzi8/VSCode - Programme/WEG-App/venv/lib/python3.12/site-packages/flask/ctx.py", line 353, in match_request
    result = self.url_adapter.match(return_rule=True)  # type: ignore
             ^^^^^^^^^^^^^^^^^^^^^^^^^^^^^^^^^^^^^^^^
  File "/Users/fholzi8/VSCode - Programme/WEG-App/venv/lib/python3.12/site-packages/werkzeug/routing/map.py", line 655, in match
    raise NotFound() from None
werkzeug.exceptions.NotFound: 404 Not Found: The requested URL was not found on the server. If you entered the URL manually please check your spelling and try again.

During handling of the above exception, another exception occurred:

Traceback (most recent call last):
  File "/Users/fholzi8/VSCode - Programme/WEG-App/venv/lib/python3.12/site-packages/flask/app.py", line 2190, in wsgi_app
    response = self.full_dispatch_request()
               ^^^^^^^^^^^^^^^^^^^^^^^^^^^^
  File "/Users/fholzi8/VSCode - Programme/WEG-App/venv/lib/python3.12/site-packages/flask/app.py", line 1486, in full_dispatch_request
    rv = self.handle_user_exception(e)
         ^^^^^^^^^^^^^^^^^^^^^^^^^^^^^
  File "/Users/fholzi8/VSCode - Programme/WEG-App/venv/lib/python3.12/site-packages/flask/app.py", line 1341, in handle_user_exception
    return self.handle_http_exception(e)
           ^^^^^^^^^^^^^^^^^^^^^^^^^^^^^
  File "/Users/fholzi8/VSCode - Programme/WEG-App/venv/lib/python3.12/site-packages/flask/app.py", line 1281, in handle_http_exception
    return self.ensure_sync(handler)(e)
           ^^^^^^^^^^^^^^^^^^^^^^^^^^^^
  File "/Users/fholzi8/VSCode - Programme/WEG-App/app.py", line 165, in not_found_error
    return render_template('errors/404.html'), 404
           ^^^^^^^^^^^^^^^^^^^^^^^^^^^^^^^^^^
  File "/Users/fholzi8/VSCode - Programme/WEG-App/venv/lib/python3.12/site-packages/flask/templating.py", line 151, in render_template
    return _render(app, template, context)
           ^^^^^^^^^^^^^^^^^^^^^^^^^^^^^^^
  File "/Users/fholzi8/VSCode - Programme/WEG-App/venv/lib/python3.12/site-packages/flask/templating.py", line 132, in _render
    rv = template.render(context)
         ^^^^^^^^^^^^^^^^^^^^^^^^
  File "/Users/fholzi8/VSCode - Programme/WEG-App/venv/lib/python3.12/site-packages/jinja2/environment.py", line 1301, in render
    self.environment.handle_exception()
  File "/Users/fholzi8/VSCode - Programme/WEG-App/venv/lib/python3.12/site-packages/jinja2/environment.py", line 936, in handle_exception
    raise rewrite_traceback_stack(source=source)
  File "/Users/fholzi8/VSCode - Programme/WEG-App/templates/errors/404.html", line 2, in top-level template code
    {% extends "layout.html" %}
    ^^^^^^^^^^^^^^^^^^^^^^^^^
  File "/Users/fholzi8/VSCode - Programme/WEG-App/templates/layout.html", line 36, in top-level template code
    <a class="nav-link {% if request.endpoint.startswith('dashboard') %}active{% endif %}"
    ^^^^^^^^^^^^^^^^^^^^^^^^^
  File "/Users/fholzi8/VSCode - Programme/WEG-App/venv/lib/python3.12/site-packages/jinja2/utils.py", line 83, in from_obj
    if hasattr(obj, "jinja_pass_arg"):
       ^^^^^^^^^^^^^^^^^^^^^^^^^^^^^^
jinja2.exceptions.UndefinedError: 'None' has no attribute 'startswith'
2025-03-03 16:52:04,882 ERROR: 500 Fehler: 500 Internal Server Error: The server encountered an internal error and was unable to complete your request. Either the server is overloaded or there is an error in the application. [in /Users/fholzi8/VSCode - Programme/WEG-App/app.py:170]
Traceback (most recent call last):
  File "/Users/fholzi8/VSCode - Programme/WEG-App/venv/lib/python3.12/site-packages/flask/app.py", line 1484, in full_dispatch_request
    rv = self.dispatch_request()
         ^^^^^^^^^^^^^^^^^^^^^^^
  File "/Users/fholzi8/VSCode - Programme/WEG-App/venv/lib/python3.12/site-packages/flask/app.py", line 1458, in dispatch_request
    self.raise_routing_exception(req)
  File "/Users/fholzi8/VSCode - Programme/WEG-App/venv/lib/python3.12/site-packages/flask/app.py", line 1440, in raise_routing_exception
    raise request.routing_exception  # type: ignore
    ^^^^^^^^^^^^^^^^^^^^^^^^^^^^^^^
  File "/Users/fholzi8/VSCode - Programme/WEG-App/venv/lib/python3.12/site-packages/flask/ctx.py", line 353, in match_request
    result = self.url_adapter.match(return_rule=True)  # type: ignore
             ^^^^^^^^^^^^^^^^^^^^^^^^^^^^^^^^^^^^^^^^
  File "/Users/fholzi8/VSCode - Programme/WEG-App/venv/lib/python3.12/site-packages/werkzeug/routing/map.py", line 655, in match
    raise NotFound() from None
werkzeug.exceptions.NotFound: 404 Not Found: The requested URL was not found on the server. If you entered the URL manually please check your spelling and try again.

During handling of the above exception, another exception occurred:

Traceback (most recent call last):
  File "/Users/fholzi8/VSCode - Programme/WEG-App/venv/lib/python3.12/site-packages/flask/app.py", line 2190, in wsgi_app
    response = self.full_dispatch_request()
               ^^^^^^^^^^^^^^^^^^^^^^^^^^^^
  File "/Users/fholzi8/VSCode - Programme/WEG-App/venv/lib/python3.12/site-packages/flask/app.py", line 1486, in full_dispatch_request
    rv = self.handle_user_exception(e)
         ^^^^^^^^^^^^^^^^^^^^^^^^^^^^^
  File "/Users/fholzi8/VSCode - Programme/WEG-App/venv/lib/python3.12/site-packages/flask/app.py", line 1341, in handle_user_exception
    return self.handle_http_exception(e)
           ^^^^^^^^^^^^^^^^^^^^^^^^^^^^^
  File "/Users/fholzi8/VSCode - Programme/WEG-App/venv/lib/python3.12/site-packages/flask/app.py", line 1281, in handle_http_exception
    return self.ensure_sync(handler)(e)
           ^^^^^^^^^^^^^^^^^^^^^^^^^^^^
  File "/Users/fholzi8/VSCode - Programme/WEG-App/app.py", line 165, in not_found_error
    return render_template('errors/404.html'), 404
           ^^^^^^^^^^^^^^^^^^^^^^^^^^^^^^^^^^
  File "/Users/fholzi8/VSCode - Programme/WEG-App/venv/lib/python3.12/site-packages/flask/templating.py", line 151, in render_template
    return _render(app, template, context)
           ^^^^^^^^^^^^^^^^^^^^^^^^^^^^^^^
  File "/Users/fholzi8/VSCode - Programme/WEG-App/venv/lib/python3.12/site-packages/flask/templating.py", line 132, in _render
    rv = template.render(context)
         ^^^^^^^^^^^^^^^^^^^^^^^^
  File "/Users/fholzi8/VSCode - Programme/WEG-App/venv/lib/python3.12/site-packages/jinja2/environment.py", line 1301, in render
    self.environment.handle_exception()
  File "/Users/fholzi8/VSCode - Programme/WEG-App/venv/lib/python3.12/site-packages/jinja2/environment.py", line 936, in handle_exception
    raise rewrite_traceback_stack(source=source)
  File "/Users/fholzi8/VSCode - Programme/WEG-App/templates/errors/404.html", line 2, in top-level template code
    {% extends "layout.html" %}
    ^^^^^^^^^^^^^^^^^^^^^^^^^
  File "/Users/fholzi8/VSCode - Programme/WEG-App/templates/layout.html", line 36, in top-level template code
    <a class="nav-link {% if request.endpoint.startswith('dashboard') %}active{% endif %}"
    ^^^^^^^^^^^^^^^^^^^^^^^^^
  File "/Users/fholzi8/VSCode - Programme/WEG-App/venv/lib/python3.12/site-packages/jinja2/utils.py", line 83, in from_obj
    if hasattr(obj, "jinja_pass_arg"):
       ^^^^^^^^^^^^^^^^^^^^^^^^^^^^^^
jinja2.exceptions.UndefinedError: 'None' has no attribute 'startswith'
2025-03-03 16:52:07,101 ERROR: 404 Fehler: /favicon.ico [in /Users/fholzi8/VSCode - Programme/WEG-App/app.py:164]
2025-03-03 16:52:07,102 ERROR: Exception on /favicon.ico [GET] [in /Users/fholzi8/VSCode - Programme/WEG-App/venv/lib/python3.12/site-packages/flask/app.py:1414]
Traceback (most recent call last):
  File "/Users/fholzi8/VSCode - Programme/WEG-App/venv/lib/python3.12/site-packages/flask/app.py", line 1484, in full_dispatch_request
    rv = self.dispatch_request()
         ^^^^^^^^^^^^^^^^^^^^^^^
  File "/Users/fholzi8/VSCode - Programme/WEG-App/venv/lib/python3.12/site-packages/flask/app.py", line 1458, in dispatch_request
    self.raise_routing_exception(req)
  File "/Users/fholzi8/VSCode - Programme/WEG-App/venv/lib/python3.12/site-packages/flask/app.py", line 1440, in raise_routing_exception
    raise request.routing_exception  # type: ignore
    ^^^^^^^^^^^^^^^^^^^^^^^^^^^^^^^
  File "/Users/fholzi8/VSCode - Programme/WEG-App/venv/lib/python3.12/site-packages/flask/ctx.py", line 353, in match_request
    result = self.url_adapter.match(return_rule=True)  # type: ignore
             ^^^^^^^^^^^^^^^^^^^^^^^^^^^^^^^^^^^^^^^^
  File "/Users/fholzi8/VSCode - Programme/WEG-App/venv/lib/python3.12/site-packages/werkzeug/routing/map.py", line 655, in match
    raise NotFound() from None
werkzeug.exceptions.NotFound: 404 Not Found: The requested URL was not found on the server. If you entered the URL manually please check your spelling and try again.

During handling of the above exception, another exception occurred:

Traceback (most recent call last):
  File "/Users/fholzi8/VSCode - Programme/WEG-App/venv/lib/python3.12/site-packages/flask/app.py", line 2190, in wsgi_app
    response = self.full_dispatch_request()
               ^^^^^^^^^^^^^^^^^^^^^^^^^^^^
  File "/Users/fholzi8/VSCode - Programme/WEG-App/venv/lib/python3.12/site-packages/flask/app.py", line 1486, in full_dispatch_request
    rv = self.handle_user_exception(e)
         ^^^^^^^^^^^^^^^^^^^^^^^^^^^^^
  File "/Users/fholzi8/VSCode - Programme/WEG-App/venv/lib/python3.12/site-packages/flask/app.py", line 1341, in handle_user_exception
    return self.handle_http_exception(e)
           ^^^^^^^^^^^^^^^^^^^^^^^^^^^^^
  File "/Users/fholzi8/VSCode - Programme/WEG-App/venv/lib/python3.12/site-packages/flask/app.py", line 1281, in handle_http_exception
    return self.ensure_sync(handler)(e)
           ^^^^^^^^^^^^^^^^^^^^^^^^^^^^
  File "/Users/fholzi8/VSCode - Programme/WEG-App/app.py", line 165, in not_found_error
    return render_template('errors/404.html'), 404
           ^^^^^^^^^^^^^^^^^^^^^^^^^^^^^^^^^^
  File "/Users/fholzi8/VSCode - Programme/WEG-App/venv/lib/python3.12/site-packages/flask/templating.py", line 151, in render_template
    return _render(app, template, context)
           ^^^^^^^^^^^^^^^^^^^^^^^^^^^^^^^
  File "/Users/fholzi8/VSCode - Programme/WEG-App/venv/lib/python3.12/site-packages/flask/templating.py", line 132, in _render
    rv = template.render(context)
         ^^^^^^^^^^^^^^^^^^^^^^^^
  File "/Users/fholzi8/VSCode - Programme/WEG-App/venv/lib/python3.12/site-packages/jinja2/environment.py", line 1301, in render
    self.environment.handle_exception()
  File "/Users/fholzi8/VSCode - Programme/WEG-App/venv/lib/python3.12/site-packages/jinja2/environment.py", line 936, in handle_exception
    raise rewrite_traceback_stack(source=source)
  File "/Users/fholzi8/VSCode - Programme/WEG-App/templates/errors/404.html", line 2, in top-level template code
    {% extends "layout.html" %}
    ^^^^^^^^^^^^^^^^^^^^^^^^^
  File "/Users/fholzi8/VSCode - Programme/WEG-App/templates/layout.html", line 36, in top-level template code
    <a class="nav-link {% if request.endpoint.startswith('dashboard') %}active{% endif %}"
    ^^^^^^^^^^^^^^^^^^^^^^^^^
  File "/Users/fholzi8/VSCode - Programme/WEG-App/venv/lib/python3.12/site-packages/jinja2/utils.py", line 83, in from_obj
    if hasattr(obj, "jinja_pass_arg"):
       ^^^^^^^^^^^^^^^^^^^^^^^^^^^^^^
jinja2.exceptions.UndefinedError: 'None' has no attribute 'startswith'
2025-03-03 16:52:07,103 ERROR: 500 Fehler: 500 Internal Server Error: The server encountered an internal error and was unable to complete your request. Either the server is overloaded or there is an error in the application. [in /Users/fholzi8/VSCode - Programme/WEG-App/app.py:170]
Traceback (most recent call last):
  File "/Users/fholzi8/VSCode - Programme/WEG-App/venv/lib/python3.12/site-packages/flask/app.py", line 1484, in full_dispatch_request
    rv = self.dispatch_request()
         ^^^^^^^^^^^^^^^^^^^^^^^
  File "/Users/fholzi8/VSCode - Programme/WEG-App/venv/lib/python3.12/site-packages/flask/app.py", line 1458, in dispatch_request
    self.raise_routing_exception(req)
  File "/Users/fholzi8/VSCode - Programme/WEG-App/venv/lib/python3.12/site-packages/flask/app.py", line 1440, in raise_routing_exception
    raise request.routing_exception  # type: ignore
    ^^^^^^^^^^^^^^^^^^^^^^^^^^^^^^^
  File "/Users/fholzi8/VSCode - Programme/WEG-App/venv/lib/python3.12/site-packages/flask/ctx.py", line 353, in match_request
    result = self.url_adapter.match(return_rule=True)  # type: ignore
             ^^^^^^^^^^^^^^^^^^^^^^^^^^^^^^^^^^^^^^^^
  File "/Users/fholzi8/VSCode - Programme/WEG-App/venv/lib/python3.12/site-packages/werkzeug/routing/map.py", line 655, in match
    raise NotFound() from None
werkzeug.exceptions.NotFound: 404 Not Found: The requested URL was not found on the server. If you entered the URL manually please check your spelling and try again.

During handling of the above exception, another exception occurred:

Traceback (most recent call last):
  File "/Users/fholzi8/VSCode - Programme/WEG-App/venv/lib/python3.12/site-packages/flask/app.py", line 2190, in wsgi_app
    response = self.full_dispatch_request()
               ^^^^^^^^^^^^^^^^^^^^^^^^^^^^
  File "/Users/fholzi8/VSCode - Programme/WEG-App/venv/lib/python3.12/site-packages/flask/app.py", line 1486, in full_dispatch_request
    rv = self.handle_user_exception(e)
         ^^^^^^^^^^^^^^^^^^^^^^^^^^^^^
  File "/Users/fholzi8/VSCode - Programme/WEG-App/venv/lib/python3.12/site-packages/flask/app.py", line 1341, in handle_user_exception
    return self.handle_http_exception(e)
           ^^^^^^^^^^^^^^^^^^^^^^^^^^^^^
  File "/Users/fholzi8/VSCode - Programme/WEG-App/venv/lib/python3.12/site-packages/flask/app.py", line 1281, in handle_http_exception
    return self.ensure_sync(handler)(e)
           ^^^^^^^^^^^^^^^^^^^^^^^^^^^^
  File "/Users/fholzi8/VSCode - Programme/WEG-App/app.py", line 165, in not_found_error
    return render_template('errors/404.html'), 404
           ^^^^^^^^^^^^^^^^^^^^^^^^^^^^^^^^^^
  File "/Users/fholzi8/VSCode - Programme/WEG-App/venv/lib/python3.12/site-packages/flask/templating.py", line 151, in render_template
    return _render(app, template, context)
           ^^^^^^^^^^^^^^^^^^^^^^^^^^^^^^^
  File "/Users/fholzi8/VSCode - Programme/WEG-App/venv/lib/python3.12/site-packages/flask/templating.py", line 132, in _render
    rv = template.render(context)
         ^^^^^^^^^^^^^^^^^^^^^^^^
  File "/Users/fholzi8/VSCode - Programme/WEG-App/venv/lib/python3.12/site-packages/jinja2/environment.py", line 1301, in render
    self.environment.handle_exception()
  File "/Users/fholzi8/VSCode - Programme/WEG-App/venv/lib/python3.12/site-packages/jinja2/environment.py", line 936, in handle_exception
    raise rewrite_traceback_stack(source=source)
  File "/Users/fholzi8/VSCode - Programme/WEG-App/templates/errors/404.html", line 2, in top-level template code
    {% extends "layout.html" %}
    ^^^^^^^^^^^^^^^^^^^^^^^^^
  File "/Users/fholzi8/VSCode - Programme/WEG-App/templates/layout.html", line 36, in top-level template code
    <a class="nav-link {% if request.endpoint.startswith('dashboard') %}active{% endif %}"
    ^^^^^^^^^^^^^^^^^^^^^^^^^
  File "/Users/fholzi8/VSCode - Programme/WEG-App/venv/lib/python3.12/site-packages/jinja2/utils.py", line 83, in from_obj
    if hasattr(obj, "jinja_pass_arg"):
       ^^^^^^^^^^^^^^^^^^^^^^^^^^^^^^
jinja2.exceptions.UndefinedError: 'None' has no attribute 'startswith'
2025-03-03 17:02:16,044 INFO: WEG-App startup - 2025-03-03 17:02:16.044925 [in /Users/fholzi8/VSCode - Programme/WEG-App/app.py:159]
2025-03-04 11:49:26,129 INFO: WEG-App startup - 2025-03-04 11:49:26.129161 [in /Users/fholzi8/VSCode - Programme/WEG-App/app.py:159]
2025-03-04 12:31:14,339 INFO: WEG-App startup - 2025-03-04 12:31:14.339654 [in /Users/fholzi8/VSCode - Programme/WEG-App/app.py:159]
2025-03-04 12:31:18,643 ERROR: Exception on /dashboard [GET] [in /Users/fholzi8/VSCode - Programme/WEG-App/venv/lib/python3.12/site-packages/flask/app.py:1414]
Traceback (most recent call last):
  File "/Users/fholzi8/VSCode - Programme/WEG-App/venv/lib/python3.12/site-packages/sqlalchemy/engine/base.py", line 1965, in _exec_single_context
    self.dialect.do_execute(
  File "/Users/fholzi8/VSCode - Programme/WEG-App/venv/lib/python3.12/site-packages/sqlalchemy/engine/default.py", line 921, in do_execute
    cursor.execute(statement, parameters)
sqlite3.OperationalError: no such column: user.email

The above exception was the direct cause of the following exception:

Traceback (most recent call last):
  File "/Users/fholzi8/VSCode - Programme/WEG-App/venv/lib/python3.12/site-packages/flask/app.py", line 2190, in wsgi_app
    response = self.full_dispatch_request()
               ^^^^^^^^^^^^^^^^^^^^^^^^^^^^
  File "/Users/fholzi8/VSCode - Programme/WEG-App/venv/lib/python3.12/site-packages/flask/app.py", line 1486, in full_dispatch_request
    rv = self.handle_user_exception(e)
         ^^^^^^^^^^^^^^^^^^^^^^^^^^^^^
  File "/Users/fholzi8/VSCode - Programme/WEG-App/venv/lib/python3.12/site-packages/flask/app.py", line 1484, in full_dispatch_request
    rv = self.dispatch_request()
         ^^^^^^^^^^^^^^^^^^^^^^^
  File "/Users/fholzi8/VSCode - Programme/WEG-App/venv/lib/python3.12/site-packages/flask/app.py", line 1469, in dispatch_request
    return self.ensure_sync(self.view_functions[rule.endpoint])(**view_args)
           ^^^^^^^^^^^^^^^^^^^^^^^^^^^^^^^^^^^^^^^^^^^^^^^^^^^^^^^^^^^^^^^^^
  File "/Users/fholzi8/VSCode - Programme/WEG-App/venv/lib/python3.12/site-packages/flask_login/utils.py", line 284, in decorated_view
    elif not current_user.is_authenticated:
             ^^^^^^^^^^^^^^^^^^^^^^^^^^^^^
  File "/Users/fholzi8/VSCode - Programme/WEG-App/venv/lib/python3.12/site-packages/werkzeug/local.py", line 311, in __get__
    obj = instance._get_current_object()
          ^^^^^^^^^^^^^^^^^^^^^^^^^^^^^^
  File "/Users/fholzi8/VSCode - Programme/WEG-App/venv/lib/python3.12/site-packages/werkzeug/local.py", line 515, in _get_current_object
    return get_name(local())
                    ^^^^^^^
  File "/Users/fholzi8/VSCode - Programme/WEG-App/venv/lib/python3.12/site-packages/flask_login/utils.py", line 25, in <lambda>
    current_user = LocalProxy(lambda: _get_user())
                                      ^^^^^^^^^^^
  File "/Users/fholzi8/VSCode - Programme/WEG-App/venv/lib/python3.12/site-packages/flask_login/utils.py", line 372, in _get_user
    current_app.login_manager._load_user()
  File "/Users/fholzi8/VSCode - Programme/WEG-App/venv/lib/python3.12/site-packages/flask_login/login_manager.py", line 364, in _load_user
    user = self._user_callback(user_id)
           ^^^^^^^^^^^^^^^^^^^^^^^^^^^^
  File "/Users/fholzi8/VSCode - Programme/WEG-App/app.py", line 74, in load_user
    return db.session.get(User, int(user_id))
           ^^^^^^^^^^^^^^^^^^^^^^^^^^^^^^^^^^
  File "/Users/fholzi8/VSCode - Programme/WEG-App/venv/lib/python3.12/site-packages/sqlalchemy/orm/scoping.py", line 1020, in get
    return self._proxied.get(
           ^^^^^^^^^^^^^^^^^^
  File "/Users/fholzi8/VSCode - Programme/WEG-App/venv/lib/python3.12/site-packages/sqlalchemy/orm/session.py", line 3571, in get
    return self._get_impl(
           ^^^^^^^^^^^^^^^
  File "/Users/fholzi8/VSCode - Programme/WEG-App/venv/lib/python3.12/site-packages/sqlalchemy/orm/session.py", line 3700, in _get_impl
    return db_load_fn(
           ^^^^^^^^^^^
  File "/Users/fholzi8/VSCode - Programme/WEG-App/venv/lib/python3.12/site-packages/sqlalchemy/orm/loading.py", line 666, in load_on_pk_identity
    session.execute(
  File "/Users/fholzi8/VSCode - Programme/WEG-App/venv/lib/python3.12/site-packages/sqlalchemy/orm/session.py", line 2262, in execute
    return self._execute_internal(
           ^^^^^^^^^^^^^^^^^^^^^^^
  File "/Users/fholzi8/VSCode - Programme/WEG-App/venv/lib/python3.12/site-packages/sqlalchemy/orm/session.py", line 2144, in _execute_internal
    result: Result[Any] = compile_state_cls.orm_execute_statement(
                          ^^^^^^^^^^^^^^^^^^^^^^^^^^^^^^^^^^^^^^^^
  File "/Users/fholzi8/VSCode - Programme/WEG-App/venv/lib/python3.12/site-packages/sqlalchemy/orm/context.py", line 293, in orm_execute_statement
    result = conn.execute(
             ^^^^^^^^^^^^^
  File "/Users/fholzi8/VSCode - Programme/WEG-App/venv/lib/python3.12/site-packages/sqlalchemy/engine/base.py", line 1412, in execute
    return meth(
           ^^^^^
  File "/Users/fholzi8/VSCode - Programme/WEG-App/venv/lib/python3.12/site-packages/sqlalchemy/sql/elements.py", line 515, in _execute_on_connection
    return connection._execute_clauseelement(
           ^^^^^^^^^^^^^^^^^^^^^^^^^^^^^^^^^^
  File "/Users/fholzi8/VSCode - Programme/WEG-App/venv/lib/python3.12/site-packages/sqlalchemy/engine/base.py", line 1635, in _execute_clauseelement
    ret = self._execute_context(
          ^^^^^^^^^^^^^^^^^^^^^^
  File "/Users/fholzi8/VSCode - Programme/WEG-App/venv/lib/python3.12/site-packages/sqlalchemy/engine/base.py", line 1844, in _execute_context
    return self._exec_single_context(
           ^^^^^^^^^^^^^^^^^^^^^^^^^^
  File "/Users/fholzi8/VSCode - Programme/WEG-App/venv/lib/python3.12/site-packages/sqlalchemy/engine/base.py", line 1984, in _exec_single_context
    self._handle_dbapi_exception(
  File "/Users/fholzi8/VSCode - Programme/WEG-App/venv/lib/python3.12/site-packages/sqlalchemy/engine/base.py", line 2339, in _handle_dbapi_exception
    raise sqlalchemy_exception.with_traceback(exc_info[2]) from e
  File "/Users/fholzi8/VSCode - Programme/WEG-App/venv/lib/python3.12/site-packages/sqlalchemy/engine/base.py", line 1965, in _exec_single_context
    self.dialect.do_execute(
  File "/Users/fholzi8/VSCode - Programme/WEG-App/venv/lib/python3.12/site-packages/sqlalchemy/engine/default.py", line 921, in do_execute
    cursor.execute(statement, parameters)
sqlalchemy.exc.OperationalError: (sqlite3.OperationalError) no such column: user.email
[SQL: SELECT user.id AS user_id, user.username AS user_username, user.password_hash AS user_password_hash, user.is_admin AS user_is_admin, user.email AS user_email, user.email_verified AS user_email_verified, user.notify_transaction_changes AS user_notify_transaction_changes, user.notify_wirtschaftsplan_changes AS user_notify_wirtschaftsplan_changes, user.notify_user_changes AS user_notify_user_changes 
FROM user 
WHERE user.id = ?]
[parameters: (1,)]
(Background on this error at: https://sqlalche.me/e/20/e3q8)
2025-03-04 12:31:18,657 ERROR: 500 Fehler: 500 Internal Server Error: The server encountered an internal error and was unable to complete your request. Either the server is overloaded or there is an error in the application. [in /Users/fholzi8/VSCode - Programme/WEG-App/app.py:172]
Traceback (most recent call last):
  File "/Users/fholzi8/VSCode - Programme/WEG-App/venv/lib/python3.12/site-packages/sqlalchemy/engine/base.py", line 1965, in _exec_single_context
    self.dialect.do_execute(
  File "/Users/fholzi8/VSCode - Programme/WEG-App/venv/lib/python3.12/site-packages/sqlalchemy/engine/default.py", line 921, in do_execute
    cursor.execute(statement, parameters)
sqlite3.OperationalError: no such column: user.email

The above exception was the direct cause of the following exception:

Traceback (most recent call last):
  File "/Users/fholzi8/VSCode - Programme/WEG-App/venv/lib/python3.12/site-packages/flask/app.py", line 2190, in wsgi_app
    response = self.full_dispatch_request()
               ^^^^^^^^^^^^^^^^^^^^^^^^^^^^
  File "/Users/fholzi8/VSCode - Programme/WEG-App/venv/lib/python3.12/site-packages/flask/app.py", line 1486, in full_dispatch_request
    rv = self.handle_user_exception(e)
         ^^^^^^^^^^^^^^^^^^^^^^^^^^^^^
  File "/Users/fholzi8/VSCode - Programme/WEG-App/venv/lib/python3.12/site-packages/flask/app.py", line 1484, in full_dispatch_request
    rv = self.dispatch_request()
         ^^^^^^^^^^^^^^^^^^^^^^^
  File "/Users/fholzi8/VSCode - Programme/WEG-App/venv/lib/python3.12/site-packages/flask/app.py", line 1469, in dispatch_request
    return self.ensure_sync(self.view_functions[rule.endpoint])(**view_args)
           ^^^^^^^^^^^^^^^^^^^^^^^^^^^^^^^^^^^^^^^^^^^^^^^^^^^^^^^^^^^^^^^^^
  File "/Users/fholzi8/VSCode - Programme/WEG-App/venv/lib/python3.12/site-packages/flask_login/utils.py", line 284, in decorated_view
    elif not current_user.is_authenticated:
             ^^^^^^^^^^^^^^^^^^^^^^^^^^^^^
  File "/Users/fholzi8/VSCode - Programme/WEG-App/venv/lib/python3.12/site-packages/werkzeug/local.py", line 311, in __get__
    obj = instance._get_current_object()
          ^^^^^^^^^^^^^^^^^^^^^^^^^^^^^^
  File "/Users/fholzi8/VSCode - Programme/WEG-App/venv/lib/python3.12/site-packages/werkzeug/local.py", line 515, in _get_current_object
    return get_name(local())
                    ^^^^^^^
  File "/Users/fholzi8/VSCode - Programme/WEG-App/venv/lib/python3.12/site-packages/flask_login/utils.py", line 25, in <lambda>
    current_user = LocalProxy(lambda: _get_user())
                                      ^^^^^^^^^^^
  File "/Users/fholzi8/VSCode - Programme/WEG-App/venv/lib/python3.12/site-packages/flask_login/utils.py", line 372, in _get_user
    current_app.login_manager._load_user()
  File "/Users/fholzi8/VSCode - Programme/WEG-App/venv/lib/python3.12/site-packages/flask_login/login_manager.py", line 364, in _load_user
    user = self._user_callback(user_id)
           ^^^^^^^^^^^^^^^^^^^^^^^^^^^^
  File "/Users/fholzi8/VSCode - Programme/WEG-App/app.py", line 74, in load_user
    return db.session.get(User, int(user_id))
           ^^^^^^^^^^^^^^^^^^^^^^^^^^^^^^^^^^
  File "/Users/fholzi8/VSCode - Programme/WEG-App/venv/lib/python3.12/site-packages/sqlalchemy/orm/scoping.py", line 1020, in get
    return self._proxied.get(
           ^^^^^^^^^^^^^^^^^^
  File "/Users/fholzi8/VSCode - Programme/WEG-App/venv/lib/python3.12/site-packages/sqlalchemy/orm/session.py", line 3571, in get
    return self._get_impl(
           ^^^^^^^^^^^^^^^
  File "/Users/fholzi8/VSCode - Programme/WEG-App/venv/lib/python3.12/site-packages/sqlalchemy/orm/session.py", line 3700, in _get_impl
    return db_load_fn(
           ^^^^^^^^^^^
  File "/Users/fholzi8/VSCode - Programme/WEG-App/venv/lib/python3.12/site-packages/sqlalchemy/orm/loading.py", line 666, in load_on_pk_identity
    session.execute(
  File "/Users/fholzi8/VSCode - Programme/WEG-App/venv/lib/python3.12/site-packages/sqlalchemy/orm/session.py", line 2262, in execute
    return self._execute_internal(
           ^^^^^^^^^^^^^^^^^^^^^^^
  File "/Users/fholzi8/VSCode - Programme/WEG-App/venv/lib/python3.12/site-packages/sqlalchemy/orm/session.py", line 2144, in _execute_internal
    result: Result[Any] = compile_state_cls.orm_execute_statement(
                          ^^^^^^^^^^^^^^^^^^^^^^^^^^^^^^^^^^^^^^^^
  File "/Users/fholzi8/VSCode - Programme/WEG-App/venv/lib/python3.12/site-packages/sqlalchemy/orm/context.py", line 293, in orm_execute_statement
    result = conn.execute(
             ^^^^^^^^^^^^^
  File "/Users/fholzi8/VSCode - Programme/WEG-App/venv/lib/python3.12/site-packages/sqlalchemy/engine/base.py", line 1412, in execute
    return meth(
           ^^^^^
  File "/Users/fholzi8/VSCode - Programme/WEG-App/venv/lib/python3.12/site-packages/sqlalchemy/sql/elements.py", line 515, in _execute_on_connection
    return connection._execute_clauseelement(
           ^^^^^^^^^^^^^^^^^^^^^^^^^^^^^^^^^^
  File "/Users/fholzi8/VSCode - Programme/WEG-App/venv/lib/python3.12/site-packages/sqlalchemy/engine/base.py", line 1635, in _execute_clauseelement
    ret = self._execute_context(
          ^^^^^^^^^^^^^^^^^^^^^^
  File "/Users/fholzi8/VSCode - Programme/WEG-App/venv/lib/python3.12/site-packages/sqlalchemy/engine/base.py", line 1844, in _execute_context
    return self._exec_single_context(
           ^^^^^^^^^^^^^^^^^^^^^^^^^^
  File "/Users/fholzi8/VSCode - Programme/WEG-App/venv/lib/python3.12/site-packages/sqlalchemy/engine/base.py", line 1984, in _exec_single_context
    self._handle_dbapi_exception(
  File "/Users/fholzi8/VSCode - Programme/WEG-App/venv/lib/python3.12/site-packages/sqlalchemy/engine/base.py", line 2339, in _handle_dbapi_exception
    raise sqlalchemy_exception.with_traceback(exc_info[2]) from e
  File "/Users/fholzi8/VSCode - Programme/WEG-App/venv/lib/python3.12/site-packages/sqlalchemy/engine/base.py", line 1965, in _exec_single_context
    self.dialect.do_execute(
  File "/Users/fholzi8/VSCode - Programme/WEG-App/venv/lib/python3.12/site-packages/sqlalchemy/engine/default.py", line 921, in do_execute
    cursor.execute(statement, parameters)
sqlalchemy.exc.OperationalError: (sqlite3.OperationalError) no such column: user.email
[SQL: SELECT user.id AS user_id, user.username AS user_username, user.password_hash AS user_password_hash, user.is_admin AS user_is_admin, user.email AS user_email, user.email_verified AS user_email_verified, user.notify_transaction_changes AS user_notify_transaction_changes, user.notify_wirtschaftsplan_changes AS user_notify_wirtschaftsplan_changes, user.notify_user_changes AS user_notify_user_changes 
FROM user 
WHERE user.id = ?]
[parameters: (1,)]
(Background on this error at: https://sqlalche.me/e/20/e3q8)
2025-03-04 12:34:34,830 INFO: WEG-App startup - 2025-03-04 12:34:34.830909 [in /Users/fholzi8/VSCode - Programme/WEG-App/app.py:159]
2025-03-04 12:34:49,734 INFO: WEG-App startup - 2025-03-04 12:34:49.734029 [in /Users/fholzi8/VSCode - Programme/WEG-App/app.py:159]
2025-03-04 12:44:59,261 INFO: WEG-App startup - 2025-03-04 12:44:59.261864 [in /Users/fholzi8/VSCode - Programme/WEG-App/app.py:159]
2025-03-04 12:55:13,705 INFO: WEG-App startup - 2025-03-04 12:55:13.705924 [in /Users/fholzi8/VSCode - Programme/WEG-App/app.py:159]
2025-03-04 13:14:18,429 INFO: WEG-App startup - 2025-03-04 13:14:18.429834 [in /Users/fholzi8/VSCode - Programme/WEG-App/app.py:159]
2025-03-04 13:27:36,232 INFO: WEG-App startup - 2025-03-04 13:27:36.232874 [in /Users/fholzi8/VSCode - Programme/WEG-App/app.py:159]
2025-03-04 14:02:52,255 INFO: WEG-App startup - 2025-03-04 14:02:52.255785 [in /Users/fholzi8/VSCode - Programme/WEG-App/app.py:159]
2025-03-04 14:02:52,868 INFO: WEG-App startup - 2025-03-04 14:02:52.868429 [in /Users/fholzi8/VSCode - Programme/WEG-App/app.py:159]
2025-03-04 14:44:27,680 INFO: WEG-App startup - 2025-03-04 14:44:27.680917 [in /Users/fholzi8/VSCode - Programme/WEG-App/app.py:159]
2025-03-04 15:41:29,825 INFO: WEG-App startup - 2025-03-04 15:41:29.825379 [in /Users/fholzi8/VSCode - Programme/WEG-App/app.py:123]
2025-03-04 15:41:30,429 INFO: WEG-App startup - 2025-03-04 15:41:30.429436 [in /Users/fholzi8/VSCode - Programme/WEG-App/app.py:123]
2025-03-04 15:42:19,125 ERROR: 404 Fehler: /.well-known/resource-that-should-not-exist-whose-status-code-should-not-be-200 [in /Users/fholzi8/VSCode - Programme/WEG-App/app.py:128]
2025-03-04 15:42:19,126 ERROR: 404 Fehler: /.well-known/change-password [in /Users/fholzi8/VSCode - Programme/WEG-App/app.py:128]
2025-03-05 07:49:30,036 INFO: WEG-App startup - 2025-03-05 07:49:30.036742 [in /Users/fholzi8/VSCode - Programme/WEG-App/app.py:123]
2025-03-05 07:57:27,781 INFO: WEG-App startup - 2025-03-05 07:57:27.781337 [in /Users/fholzi8/VSCode - Programme/WEG-App/app.py:123]
2025-03-05 07:57:45,071 INFO: WEG-App startup - 2025-03-05 07:57:45.071337 [in /Users/fholzi8/VSCode - Programme/WEG-App/app.py:123]
2025-03-05 07:58:57,420 INFO: WEG-App startup - 2025-03-05 07:58:57.420536 [in /Users/fholzi8/VSCode - Programme/WEG-App/app.py:123]
2025-03-05 08:03:00,195 INFO: WEG-App startup - 2025-03-05 08:03:00.195735 [in /Users/fholzi8/VSCode - Programme/WEG-App/app.py:123]
2025-03-05 08:03:00,791 INFO: WEG-App startup - 2025-03-05 08:03:00.791911 [in /Users/fholzi8/VSCode - Programme/WEG-App/app.py:123]
2025-03-05 08:15:35,265 INFO: WEG-App startup - 2025-03-05 08:15:35.265813 [in /Users/fholzi8/VSCode - Programme/WEG-App/app.py:123]
2025-03-05 08:15:35,746 INFO: WEG-App startup - 2025-03-05 08:15:35.746582 [in /Users/fholzi8/VSCode - Programme/WEG-App/app.py:123]
2025-03-05 08:15:57,349 ERROR: 404 Fehler: /apple-touch-icon-precomposed.png [in /Users/fholzi8/VSCode - Programme/WEG-App/app.py:128]
2025-03-05 08:15:57,353 ERROR: 404 Fehler: /apple-touch-icon.png [in /Users/fholzi8/VSCode - Programme/WEG-App/app.py:128]
2025-03-05 08:21:06,941 INFO: WEG-App startup - 2025-03-05 08:21:06.941212 [in /Users/fholzi8/VSCode - Programme/WEG-App/app.py:123]
2025-03-05 08:25:06,147 INFO: WEG-App startup - 2025-03-05 08:25:06.147969 [in /Users/fholzi8/VSCode - Programme/WEG-App/app.py:123]
2025-03-05 08:25:06,637 INFO: WEG-App startup - 2025-03-05 08:25:06.637396 [in /Users/fholzi8/VSCode - Programme/WEG-App/app.py:123]
2025-03-05 08:28:21,008 INFO: WEG-App startup - 2025-03-05 08:28:21.008406 [in /Users/fholzi8/VSCode - Programme/WEG-App/app.py:123]
2025-03-05 08:28:29,965 INFO: WEG-App startup - 2025-03-05 08:28:29.965302 [in /Users/fholzi8/VSCode - Programme/WEG-App/app.py:123]
2025-03-05 08:40:34,453 INFO: WEG-App startup - 2025-03-05 08:40:34.453726 [in /Users/fholzi8/VSCode - Programme/WEG-App/app.py:123]
2025-03-05 08:40:34,933 INFO: WEG-App startup - 2025-03-05 08:40:34.933046 [in /Users/fholzi8/VSCode - Programme/WEG-App/app.py:123]
2025-03-05 08:52:29,217 INFO: WEG-App startup - 2025-03-05 08:52:29.217971 [in /Users/fholzi8/VSCode - Programme/WEG-App/app.py:123]
2025-03-05 08:54:16,350 INFO: WEG-App startup - 2025-03-05 08:54:16.350689 [in /Users/fholzi8/VSCode - Programme/WEG-App/app.py:123]
2025-03-05 09:00:26,744 INFO: WEG-App startup - 2025-03-05 09:00:26.744284 [in /Users/fholzi8/VSCode - Programme/WEG-App/app.py:123]
2025-03-05 09:00:27,221 INFO: WEG-App startup - 2025-03-05 09:00:27.221036 [in /Users/fholzi8/VSCode - Programme/WEG-App/app.py:123]
2025-03-05 09:11:36,470 INFO: WEG-App startup - 2025-03-05 09:11:36.470729 [in /Users/fholzi8/VSCode - Programme/WEG-App/app.py:127]
2025-03-05 09:15:17,437 INFO: WEG-App startup - 2025-03-05 09:15:17.437060 [in /Users/fholzi8/VSCode - Programme/WEG-App/app.py:127]
2025-03-05 09:15:44,215 INFO: WEG-App startup - 2025-03-05 09:15:44.215153 [in /Users/fholzi8/VSCode - Programme/WEG-App/app.py:127]
2025-03-05 09:50:16,033 INFO: WEG-App startup - 2025-03-05 09:50:16.033628 [in /Users/fholzi8/VSCode - Programme/WEG-App/app.py:127]
2025-03-05 13:04:08,817 INFO: WEG-App startup - 2025-03-05 13:04:08.817257 [in /Users/fholzi8/VSCode - Programme/WEG-App/app.py:127]
2025-03-05 13:04:16,464 INFO: WEG-App startup - 2025-03-05 13:04:16.464332 [in /Users/fholzi8/VSCode - Programme/WEG-App/app.py:127]
2025-03-05 13:12:42,418 INFO: WEG-App startup - 2025-03-05 13:12:42.418952 [in /Users/fholzi8/VSCode - Programme/WEG-App/app.py:146]
2025-03-05 13:12:42,924 INFO: WEG-App startup - 2025-03-05 13:12:42.924864 [in /Users/fholzi8/VSCode - Programme/WEG-App/app.py:146]
2025-03-05 13:23:32,213 INFO: WEG-App startup - 2025-03-05 13:23:32.213341 [in /Users/fholzi8/VSCode - Programme/WEG-App/app.py:146]
2025-03-05 13:23:37,860 INFO: WEG-App startup - 2025-03-05 13:23:37.860579 [in /Users/fholzi8/VSCode - Programme/WEG-App/app.py:146]
2025-03-05 13:23:45,520 INFO: WEG-App startup - 2025-03-05 13:23:45.520746 [in /Users/fholzi8/VSCode - Programme/WEG-App/app.py:146]
2025-03-05 13:23:46,039 INFO: WEG-App startup - 2025-03-05 13:23:46.039753 [in /Users/fholzi8/VSCode - Programme/WEG-App/app.py:146]
2025-03-05 13:32:54,608 INFO: WEG-App startup - 2025-03-05 13:32:54.608235 [in /Users/fholzi8/VSCode - Programme/WEG-App/app.py:146]
2025-03-05 13:32:55,161 INFO: WEG-App startup - 2025-03-05 13:32:55.161386 [in /Users/fholzi8/VSCode - Programme/WEG-App/app.py:146]
2025-03-05 13:39:58,566 INFO: WEG-App startup - 2025-03-05 13:39:58.566064 [in /Users/fholzi8/VSCode - Programme/WEG-App/app.py:160]
2025-03-05 13:40:38,292 INFO: WEG-App startup - 2025-03-05 13:40:38.292746 [in /Users/fholzi8/VSCode - Programme/WEG-App/app.py:161]
2025-03-05 13:45:37,392 INFO: WEG-App startup - 2025-03-05 13:45:37.392147 [in /Users/fholzi8/VSCode - Programme/WEG-App/app.py:172]
2025-03-05 13:45:37,917 INFO: WEG-App startup - 2025-03-05 13:45:37.917749 [in /Users/fholzi8/VSCode - Programme/WEG-App/app.py:172]
2025-03-05 13:52:09,751 INFO: WEG-App startup - 2025-03-05 13:52:09.751304 [in /Users/fholzi8/VSCode - Programme/WEG-App/app.py:174]
2025-03-05 14:56:24,666 INFO: WEG-App startup - 2025-03-05 14:56:24.666571 [in /Users/fholzi8/VSCode - Programme/WEG-App/app.py:174]
2025-03-05 14:56:25,178 INFO: WEG-App startup - 2025-03-05 14:56:25.178089 [in /Users/fholzi8/VSCode - Programme/WEG-App/app.py:174]
2025-03-05 15:14:32,676 INFO: WEG-App startup - 2025-03-05 15:14:32.676278 [in /Users/fholzi8/VSCode - Programme/WEG-App/app.py:174]
2025-03-05 15:36:56,969 INFO: WEG-App startup - 2025-03-05 15:36:56.969227 [in /Users/fholzi8/VSCode - Programme/WEG-App/app.py:174]
2025-03-05 15:37:04,426 INFO: WEG-App startup - 2025-03-05 15:37:04.426592 [in /Users/fholzi8/VSCode - Programme/WEG-App/app.py:174]
2025-03-05 15:37:16,621 INFO: WEG-App startup - 2025-03-05 15:37:16.621626 [in /Users/fholzi8/VSCode - Programme/WEG-App/app.py:174]
2025-03-05 15:37:28,319 INFO: WEG-App startup - 2025-03-05 15:37:28.318998 [in /Users/fholzi8/VSCode - Programme/WEG-App/app.py:174]
2025-03-05 15:37:34,680 ERROR: Exception on /settings/systeminfo [GET] [in /Users/fholzi8/VSCode - Programme/WEG-App/venv/lib/python3.12/site-packages/flask/app.py:1414]
Traceback (most recent call last):
  File "/Users/fholzi8/VSCode - Programme/WEG-App/venv/lib/python3.12/site-packages/flask/app.py", line 2190, in wsgi_app
    response = self.full_dispatch_request()
               ^^^^^^^^^^^^^^^^^^^^^^^^^^^^
  File "/Users/fholzi8/VSCode - Programme/WEG-App/venv/lib/python3.12/site-packages/flask/app.py", line 1486, in full_dispatch_request
    rv = self.handle_user_exception(e)
         ^^^^^^^^^^^^^^^^^^^^^^^^^^^^^
  File "/Users/fholzi8/VSCode - Programme/WEG-App/venv/lib/python3.12/site-packages/flask/app.py", line 1484, in full_dispatch_request
    rv = self.dispatch_request()
         ^^^^^^^^^^^^^^^^^^^^^^^
  File "/Users/fholzi8/VSCode - Programme/WEG-App/venv/lib/python3.12/site-packages/flask/app.py", line 1469, in dispatch_request
    return self.ensure_sync(self.view_functions[rule.endpoint])(**view_args)
           ^^^^^^^^^^^^^^^^^^^^^^^^^^^^^^^^^^^^^^^^^^^^^^^^^^^^^^^^^^^^^^^^^
  File "/Users/fholzi8/VSCode - Programme/WEG-App/venv/lib/python3.12/site-packages/flask_login/utils.py", line 290, in decorated_view
    return current_app.ensure_sync(func)(*args, **kwargs)
           ^^^^^^^^^^^^^^^^^^^^^^^^^^^^^^^^^^^^^^^^^^^^^^
  File "/Users/fholzi8/VSCode - Programme/WEG-App/routes/settings.py", line 585, in systeminfo
    return render_template(
           ^^^^^^^^^^^^^^^^
  File "/Users/fholzi8/VSCode - Programme/WEG-App/venv/lib/python3.12/site-packages/flask/templating.py", line 150, in render_template
    template = app.jinja_env.get_or_select_template(template_name_or_list)
               ^^^^^^^^^^^^^^^^^^^^^^^^^^^^^^^^^^^^^^^^^^^^^^^^^^^^^^^^^^^
  File "/Users/fholzi8/VSCode - Programme/WEG-App/venv/lib/python3.12/site-packages/jinja2/environment.py", line 1081, in get_or_select_template
    return self.get_template(template_name_or_list, parent, globals)
           ^^^^^^^^^^^^^^^^^^^^^^^^^^^^^^^^^^^^^^^^^^^^^^^^^^^^^^^^^
  File "/Users/fholzi8/VSCode - Programme/WEG-App/venv/lib/python3.12/site-packages/jinja2/environment.py", line 1010, in get_template
    return self._load_template(name, globals)
           ^^^^^^^^^^^^^^^^^^^^^^^^^^^^^^^^^^
  File "/Users/fholzi8/VSCode - Programme/WEG-App/venv/lib/python3.12/site-packages/jinja2/environment.py", line 969, in _load_template
    template = self.loader.load(self, name, self.make_globals(globals))
               ^^^^^^^^^^^^^^^^^^^^^^^^^^^^^^^^^^^^^^^^^^^^^^^^^^^^^^^^
  File "/Users/fholzi8/VSCode - Programme/WEG-App/venv/lib/python3.12/site-packages/jinja2/loaders.py", line 138, in load
    code = environment.compile(source, name, filename)
           ^^^^^^^^^^^^^^^^^^^^^^^^^^^^^^^^^^^^^^^^^^^
  File "/Users/fholzi8/VSCode - Programme/WEG-App/venv/lib/python3.12/site-packages/jinja2/environment.py", line 768, in compile
    self.handle_exception(source=source_hint)
  File "/Users/fholzi8/VSCode - Programme/WEG-App/venv/lib/python3.12/site-packages/jinja2/environment.py", line 936, in handle_exception
    raise rewrite_traceback_stack(source=source)
  File "/Users/fholzi8/VSCode - Programme/WEG-App/templates/settings/systeminfo.html", line 472, in template
    {% endblock %}
jinja2.exceptions.TemplateSyntaxError: Encountered unknown tag 'endblock'.
2025-03-05 15:37:34,685 ERROR: 500 Fehler: 500 Internal Server Error: The server encountered an internal error and was unable to complete your request. Either the server is overloaded or there is an error in the application. [in /Users/fholzi8/VSCode - Programme/WEG-App/app.py:187]
Traceback (most recent call last):
  File "/Users/fholzi8/VSCode - Programme/WEG-App/venv/lib/python3.12/site-packages/flask/app.py", line 2190, in wsgi_app
    response = self.full_dispatch_request()
               ^^^^^^^^^^^^^^^^^^^^^^^^^^^^
  File "/Users/fholzi8/VSCode - Programme/WEG-App/venv/lib/python3.12/site-packages/flask/app.py", line 1486, in full_dispatch_request
    rv = self.handle_user_exception(e)
         ^^^^^^^^^^^^^^^^^^^^^^^^^^^^^
  File "/Users/fholzi8/VSCode - Programme/WEG-App/venv/lib/python3.12/site-packages/flask/app.py", line 1484, in full_dispatch_request
    rv = self.dispatch_request()
         ^^^^^^^^^^^^^^^^^^^^^^^
  File "/Users/fholzi8/VSCode - Programme/WEG-App/venv/lib/python3.12/site-packages/flask/app.py", line 1469, in dispatch_request
    return self.ensure_sync(self.view_functions[rule.endpoint])(**view_args)
           ^^^^^^^^^^^^^^^^^^^^^^^^^^^^^^^^^^^^^^^^^^^^^^^^^^^^^^^^^^^^^^^^^
  File "/Users/fholzi8/VSCode - Programme/WEG-App/venv/lib/python3.12/site-packages/flask_login/utils.py", line 290, in decorated_view
    return current_app.ensure_sync(func)(*args, **kwargs)
           ^^^^^^^^^^^^^^^^^^^^^^^^^^^^^^^^^^^^^^^^^^^^^^
  File "/Users/fholzi8/VSCode - Programme/WEG-App/routes/settings.py", line 585, in systeminfo
    return render_template(
           ^^^^^^^^^^^^^^^^
  File "/Users/fholzi8/VSCode - Programme/WEG-App/venv/lib/python3.12/site-packages/flask/templating.py", line 150, in render_template
    template = app.jinja_env.get_or_select_template(template_name_or_list)
               ^^^^^^^^^^^^^^^^^^^^^^^^^^^^^^^^^^^^^^^^^^^^^^^^^^^^^^^^^^^
  File "/Users/fholzi8/VSCode - Programme/WEG-App/venv/lib/python3.12/site-packages/jinja2/environment.py", line 1081, in get_or_select_template
    return self.get_template(template_name_or_list, parent, globals)
           ^^^^^^^^^^^^^^^^^^^^^^^^^^^^^^^^^^^^^^^^^^^^^^^^^^^^^^^^^
  File "/Users/fholzi8/VSCode - Programme/WEG-App/venv/lib/python3.12/site-packages/jinja2/environment.py", line 1010, in get_template
    return self._load_template(name, globals)
           ^^^^^^^^^^^^^^^^^^^^^^^^^^^^^^^^^^
  File "/Users/fholzi8/VSCode - Programme/WEG-App/venv/lib/python3.12/site-packages/jinja2/environment.py", line 969, in _load_template
    template = self.loader.load(self, name, self.make_globals(globals))
               ^^^^^^^^^^^^^^^^^^^^^^^^^^^^^^^^^^^^^^^^^^^^^^^^^^^^^^^^
  File "/Users/fholzi8/VSCode - Programme/WEG-App/venv/lib/python3.12/site-packages/jinja2/loaders.py", line 138, in load
    code = environment.compile(source, name, filename)
           ^^^^^^^^^^^^^^^^^^^^^^^^^^^^^^^^^^^^^^^^^^^
  File "/Users/fholzi8/VSCode - Programme/WEG-App/venv/lib/python3.12/site-packages/jinja2/environment.py", line 768, in compile
    self.handle_exception(source=source_hint)
  File "/Users/fholzi8/VSCode - Programme/WEG-App/venv/lib/python3.12/site-packages/jinja2/environment.py", line 936, in handle_exception
    raise rewrite_traceback_stack(source=source)
  File "/Users/fholzi8/VSCode - Programme/WEG-App/templates/settings/systeminfo.html", line 472, in template
    {% endblock %}
jinja2.exceptions.TemplateSyntaxError: Encountered unknown tag 'endblock'.
2025-03-05 15:42:33,312 INFO: WEG-App startup - 2025-03-05 15:42:33.312663 [in /Users/fholzi8/VSCode - Programme/WEG-App/app.py:174]
2025-03-05 15:42:33,831 INFO: WEG-App startup - 2025-03-05 15:42:33.831618 [in /Users/fholzi8/VSCode - Programme/WEG-App/app.py:174]
2025-03-05 15:46:26,804 INFO: WEG-App startup - 2025-03-05 15:46:26.804806 [in /Users/fholzi8/VSCode - Programme/WEG-App/app.py:174]
2025-03-05 15:47:46,188 INFO: WEG-App startup - 2025-03-05 15:47:46.188541 [in /Users/fholzi8/VSCode - Programme/WEG-App/app.py:174]
2025-03-06 07:29:58,960 INFO: WEG-App startup - 2025-03-06 07:29:58.960182 [in /Users/fholzi8/VSCode - Programme/WEG-App/app.py:174]
2025-03-06 07:29:59,628 INFO: WEG-App startup - 2025-03-06 07:29:59.627994 [in /Users/fholzi8/VSCode - Programme/WEG-App/app.py:174]
